###############################################################################
#
# IAR ELF Linker V8.32.1.169/W32 for ARM                  10/Aug/2022  15:13:19
# Copyright 2007-2018 IAR Systems AB.
#
#    Output file  =  
#        C:\Users\Atapy-Hardware04\Desktop\nRF52_DataCentre
#        -GATT\Application_PMS\ble_central\ble_app_uart_c\pca10040\s132\iar\_build\ble_app_uart_c_pca10040_s132.out
#    Map file     =  
#        C:\Users\Atapy-Hardware04\Desktop\nRF52_DataCentre
#        -GATT\Application_PMS\ble_central\ble_app_uart_c\pca10040\s132\iar\_build\ble_app_uart_c_pca10040_s132.map
#    Command line =  
#        -f C:\Users\ATAPY-~1\AppData\Local\Temp\EW8D4A.tmp
#        ("C:\Users\Atapy-Hardware04\Desktop\nRF52_DataCentre
#        -GATT\Application_PMS\ble_central\ble_app_uart_c\pca10040\s132\iar\_build\app_button.o"
#        "C:\Users\Atapy-Hardware04\Desktop\nRF52_DataCentre
#        -GATT\Application_PMS\ble_central\ble_app_uart_c\pca10040\s132\iar\_build\app_error.o"
#        "C:\Users\Atapy-Hardware04\Desktop\nRF52_DataCentre
#        -GATT\Application_PMS\ble_central\ble_app_uart_c\pca10040\s132\iar\_build\app_error_handler_iar.o"
#        "C:\Users\Atapy-Hardware04\Desktop\nRF52_DataCentre
#        -GATT\Application_PMS\ble_central\ble_app_uart_c\pca10040\s132\iar\_build\app_error_weak.o"
#        "C:\Users\Atapy-Hardware04\Desktop\nRF52_DataCentre
#        -GATT\Application_PMS\ble_central\ble_app_uart_c\pca10040\s132\iar\_build\app_fifo.o"
#        "C:\Users\Atapy-Hardware04\Desktop\nRF52_DataCentre
#        -GATT\Application_PMS\ble_central\ble_app_uart_c\pca10040\s132\iar\_build\app_scheduler.o"
#        "C:\Users\Atapy-Hardware04\Desktop\nRF52_DataCentre
#        -GATT\Application_PMS\ble_central\ble_app_uart_c\pca10040\s132\iar\_build\app_timer.o"
#        "C:\Users\Atapy-Hardware04\Desktop\nRF52_DataCentre
#        -GATT\Application_PMS\ble_central\ble_app_uart_c\pca10040\s132\iar\_build\app_uart_fifo.o"
#        "C:\Users\Atapy-Hardware04\Desktop\nRF52_DataCentre
#        -GATT\Application_PMS\ble_central\ble_app_uart_c\pca10040\s132\iar\_build\app_util_platform.o"
#        "C:\Users\Atapy-Hardware04\Desktop\nRF52_DataCentre
#        -GATT\Application_PMS\ble_central\ble_app_uart_c\pca10040\s132\iar\_build\atapy_service.o"
#        "C:\Users\Atapy-Hardware04\Desktop\nRF52_DataCentre
#        -GATT\Application_PMS\ble_central\ble_app_uart_c\pca10040\s132\iar\_build\auth_status_tracker.o"
#        "C:\Users\Atapy-Hardware04\Desktop\nRF52_DataCentre
#        -GATT\Application_PMS\ble_central\ble_app_uart_c\pca10040\s132\iar\_build\ble_advdata.o"
#        "C:\Users\Atapy-Hardware04\Desktop\nRF52_DataCentre
#        -GATT\Application_PMS\ble_central\ble_app_uart_c\pca10040\s132\iar\_build\ble_advertising.o"
#        "C:\Users\Atapy-Hardware04\Desktop\nRF52_DataCentre
#        -GATT\Application_PMS\ble_central\ble_app_uart_c\pca10040\s132\iar\_build\ble_conn_params.o"
#        "C:\Users\Atapy-Hardware04\Desktop\nRF52_DataCentre
#        -GATT\Application_PMS\ble_central\ble_app_uart_c\pca10040\s132\iar\_build\ble_conn_state.o"
#        "C:\Users\Atapy-Hardware04\Desktop\nRF52_DataCentre
#        -GATT\Application_PMS\ble_central\ble_app_uart_c\pca10040\s132\iar\_build\ble_db_discovery.o"
#        "C:\Users\Atapy-Hardware04\Desktop\nRF52_DataCentre
#        -GATT\Application_PMS\ble_central\ble_app_uart_c\pca10040\s132\iar\_build\ble_nus_c.o"
#        "C:\Users\Atapy-Hardware04\Desktop\nRF52_DataCentre
#        -GATT\Application_PMS\ble_central\ble_app_uart_c\pca10040\s132\iar\_build\ble_srv_common.o"
#        "C:\Users\Atapy-Hardware04\Desktop\nRF52_DataCentre
#        -GATT\Application_PMS\ble_central\ble_app_uart_c\pca10040\s132\iar\_build\boards.o"
#        "C:\Users\Atapy-Hardware04\Desktop\nRF52_DataCentre
#        -GATT\Application_PMS\ble_central\ble_app_uart_c\pca10040\s132\iar\_build\bsp.o"
#        "C:\Users\Atapy-Hardware04\Desktop\nRF52_DataCentre
#        -GATT\Application_PMS\ble_central\ble_app_uart_c\pca10040\s132\iar\_build\bsp_btn_ble.o"
#        "C:\Users\Atapy-Hardware04\Desktop\nRF52_DataCentre
#        -GATT\Application_PMS\ble_central\ble_app_uart_c\pca10040\s132\iar\_build\crc16.o"
#        "C:\Users\Atapy-Hardware04\Desktop\nRF52_DataCentre
#        -GATT\Application_PMS\ble_central\ble_app_uart_c\pca10040\s132\iar\_build\custom_timer.o"
#        "C:\Users\Atapy-Hardware04\Desktop\nRF52_DataCentre
#        -GATT\Application_PMS\ble_central\ble_app_uart_c\pca10040\s132\iar\_build\fds.o"
#        "C:\Users\Atapy-Hardware04\Desktop\nRF52_DataCentre
#        -GATT\Application_PMS\ble_central\ble_app_uart_c\pca10040\s132\iar\_build\gatt_cache_manager.o"
#        "C:\Users\Atapy-Hardware04\Desktop\nRF52_DataCentre
#        -GATT\Application_PMS\ble_central\ble_app_uart_c\pca10040\s132\iar\_build\gatts_cache_manager.o"
#        "C:\Users\Atapy-Hardware04\Desktop\nRF52_DataCentre
#        -GATT\Application_PMS\ble_central\ble_app_uart_c\pca10040\s132\iar\_build\hardfault_implementation.o"
#        "C:\Users\Atapy-Hardware04\Desktop\nRF52_DataCentre
#        -GATT\Application_PMS\ble_central\ble_app_uart_c\pca10040\s132\iar\_build\iar_startup_nrf52.o"
#        "C:\Users\Atapy-Hardware04\Desktop\nRF52_DataCentre
#        -GATT\Application_PMS\ble_central\ble_app_uart_c\pca10040\s132\iar\_build\id_manager.o"
#        "C:\Users\Atapy-Hardware04\Desktop\nRF52_DataCentre
#        -GATT\Application_PMS\ble_central\ble_app_uart_c\pca10040\s132\iar\_build\main.o"
#        "C:\Users\Atapy-Hardware04\Desktop\nRF52_DataCentre
#        -GATT\Application_PMS\ble_central\ble_app_uart_c\pca10040\s132\iar\_build\nrf_assert.o"
#        "C:\Users\Atapy-Hardware04\Desktop\nRF52_DataCentre
#        -GATT\Application_PMS\ble_central\ble_app_uart_c\pca10040\s132\iar\_build\nrf_atfifo.o"
#        "C:\Users\Atapy-Hardware04\Desktop\nRF52_DataCentre
#        -GATT\Application_PMS\ble_central\ble_app_uart_c\pca10040\s132\iar\_build\nrf_atflags.o"
#        "C:\Users\Atapy-Hardware04\Desktop\nRF52_DataCentre
#        -GATT\Application_PMS\ble_central\ble_app_uart_c\pca10040\s132\iar\_build\nrf_atomic.o"
#        "C:\Users\Atapy-Hardware04\Desktop\nRF52_DataCentre
#        -GATT\Application_PMS\ble_central\ble_app_uart_c\pca10040\s132\iar\_build\nrf_balloc.o"
#        "C:\Users\Atapy-Hardware04\Desktop\nRF52_DataCentre
#        -GATT\Application_PMS\ble_central\ble_app_uart_c\pca10040\s132\iar\_build\nrf_ble_gatt.o"
#        "C:\Users\Atapy-Hardware04\Desktop\nRF52_DataCentre
#        -GATT\Application_PMS\ble_central\ble_app_uart_c\pca10040\s132\iar\_build\nrf_ble_qwr.o"
#        "C:\Users\Atapy-Hardware04\Desktop\nRF52_DataCentre
#        -GATT\Application_PMS\ble_central\ble_app_uart_c\pca10040\s132\iar\_build\nrf_ble_scan.o"
#        "C:\Users\Atapy-Hardware04\Desktop\nRF52_DataCentre
#        -GATT\Application_PMS\ble_central\ble_app_uart_c\pca10040\s132\iar\_build\nrf_drv_clock.o"
#        "C:\Users\Atapy-Hardware04\Desktop\nRF52_DataCentre
#        -GATT\Application_PMS\ble_central\ble_app_uart_c\pca10040\s132\iar\_build\nrf_drv_uart.o"
#        "C:\Users\Atapy-Hardware04\Desktop\nRF52_DataCentre
#        -GATT\Application_PMS\ble_central\ble_app_uart_c\pca10040\s132\iar\_build\nrf_fprintf.o"
#        "C:\Users\Atapy-Hardware04\Desktop\nRF52_DataCentre
#        -GATT\Application_PMS\ble_central\ble_app_uart_c\pca10040\s132\iar\_build\nrf_fprintf_format.o"
#        "C:\Users\Atapy-Hardware04\Desktop\nRF52_DataCentre
#        -GATT\Application_PMS\ble_central\ble_app_uart_c\pca10040\s132\iar\_build\nrf_fstorage.o"
#        "C:\Users\Atapy-Hardware04\Desktop\nRF52_DataCentre
#        -GATT\Application_PMS\ble_central\ble_app_uart_c\pca10040\s132\iar\_build\nrf_fstorage_sd.o"
#        "C:\Users\Atapy-Hardware04\Desktop\nRF52_DataCentre
#        -GATT\Application_PMS\ble_central\ble_app_uart_c\pca10040\s132\iar\_build\nrf_log_backend_rtt.o"
#        "C:\Users\Atapy-Hardware04\Desktop\nRF52_DataCentre
#        -GATT\Application_PMS\ble_central\ble_app_uart_c\pca10040\s132\iar\_build\nrf_log_backend_serial.o"
#        "C:\Users\Atapy-Hardware04\Desktop\nRF52_DataCentre
#        -GATT\Application_PMS\ble_central\ble_app_uart_c\pca10040\s132\iar\_build\nrf_log_backend_uart.o"
#        "C:\Users\Atapy-Hardware04\Desktop\nRF52_DataCentre
#        -GATT\Application_PMS\ble_central\ble_app_uart_c\pca10040\s132\iar\_build\nrf_log_default_backends.o"
#        "C:\Users\Atapy-Hardware04\Desktop\nRF52_DataCentre
#        -GATT\Application_PMS\ble_central\ble_app_uart_c\pca10040\s132\iar\_build\nrf_log_frontend.o"
#        "C:\Users\Atapy-Hardware04\Desktop\nRF52_DataCentre
#        -GATT\Application_PMS\ble_central\ble_app_uart_c\pca10040\s132\iar\_build\nrf_log_str_formatter.o"
#        "C:\Users\Atapy-Hardware04\Desktop\nRF52_DataCentre
#        -GATT\Application_PMS\ble_central\ble_app_uart_c\pca10040\s132\iar\_build\nrf_memobj.o"
#        "C:\Users\Atapy-Hardware04\Desktop\nRF52_DataCentre
#        -GATT\Application_PMS\ble_central\ble_app_uart_c\pca10040\s132\iar\_build\nrf_pwr_mgmt.o"
#        "C:\Users\Atapy-Hardware04\Desktop\nRF52_DataCentre
#        -GATT\Application_PMS\ble_central\ble_app_uart_c\pca10040\s132\iar\_build\nrf_queue.o"
#        "C:\Users\Atapy-Hardware04\Desktop\nRF52_DataCentre
#        -GATT\Application_PMS\ble_central\ble_app_uart_c\pca10040\s132\iar\_build\nrf_ringbuf.o"
#        "C:\Users\Atapy-Hardware04\Desktop\nRF52_DataCentre
#        -GATT\Application_PMS\ble_central\ble_app_uart_c\pca10040\s132\iar\_build\nrf_sdh.o"
#        "C:\Users\Atapy-Hardware04\Desktop\nRF52_DataCentre
#        -GATT\Application_PMS\ble_central\ble_app_uart_c\pca10040\s132\iar\_build\nrf_sdh_ble.o"
#        "C:\Users\Atapy-Hardware04\Desktop\nRF52_DataCentre
#        -GATT\Application_PMS\ble_central\ble_app_uart_c\pca10040\s132\iar\_build\nrf_sdh_soc.o"
#        "C:\Users\Atapy-Hardware04\Desktop\nRF52_DataCentre
#        -GATT\Application_PMS\ble_central\ble_app_uart_c\pca10040\s132\iar\_build\nrf_section_iter.o"
#        "C:\Users\Atapy-Hardware04\Desktop\nRF52_DataCentre
#        -GATT\Application_PMS\ble_central\ble_app_uart_c\pca10040\s132\iar\_build\nrf_strerror.o"
#        "C:\Users\Atapy-Hardware04\Desktop\nRF52_DataCentre
#        -GATT\Application_PMS\ble_central\ble_app_uart_c\pca10040\s132\iar\_build\nrfx_clock.o"
#        "C:\Users\Atapy-Hardware04\Desktop\nRF52_DataCentre
#        -GATT\Application_PMS\ble_central\ble_app_uart_c\pca10040\s132\iar\_build\nrfx_gpiote.o"
#        "C:\Users\Atapy-Hardware04\Desktop\nRF52_DataCentre
#        -GATT\Application_PMS\ble_central\ble_app_uart_c\pca10040\s132\iar\_build\nrfx_power_clock.o"
#        "C:\Users\Atapy-Hardware04\Desktop\nRF52_DataCentre
#        -GATT\Application_PMS\ble_central\ble_app_uart_c\pca10040\s132\iar\_build\nrfx_prs.o"
#        "C:\Users\Atapy-Hardware04\Desktop\nRF52_DataCentre
#        -GATT\Application_PMS\ble_central\ble_app_uart_c\pca10040\s132\iar\_build\nrfx_uart.o"
#        "C:\Users\Atapy-Hardware04\Desktop\nRF52_DataCentre
#        -GATT\Application_PMS\ble_central\ble_app_uart_c\pca10040\s132\iar\_build\nrfx_uarte.o"
#        "C:\Users\Atapy-Hardware04\Desktop\nRF52_DataCentre
#        -GATT\Application_PMS\ble_central\ble_app_uart_c\pca10040\s132\iar\_build\peer_data_storage.o"
#        "C:\Users\Atapy-Hardware04\Desktop\nRF52_DataCentre
#        -GATT\Application_PMS\ble_central\ble_app_uart_c\pca10040\s132\iar\_build\peer_database.o"
#        "C:\Users\Atapy-Hardware04\Desktop\nRF52_DataCentre
#        -GATT\Application_PMS\ble_central\ble_app_uart_c\pca10040\s132\iar\_build\peer_id.o"
#        "C:\Users\Atapy-Hardware04\Desktop\nRF52_DataCentre
#        -GATT\Application_PMS\ble_central\ble_app_uart_c\pca10040\s132\iar\_build\peer_manager.o"
#        "C:\Users\Atapy-Hardware04\Desktop\nRF52_DataCentre
#        -GATT\Application_PMS\ble_central\ble_app_uart_c\pca10040\s132\iar\_build\peer_manager_handler.o"
#        "C:\Users\Atapy-Hardware04\Desktop\nRF52_DataCentre
#        -GATT\Application_PMS\ble_central\ble_app_uart_c\pca10040\s132\iar\_build\pm_buffer.o"
#        "C:\Users\Atapy-Hardware04\Desktop\nRF52_DataCentre
#        -GATT\Application_PMS\ble_central\ble_app_uart_c\pca10040\s132\iar\_build\queue.o"
#        "C:\Users\Atapy-Hardware04\Desktop\nRF52_DataCentre
#        -GATT\Application_PMS\ble_central\ble_app_uart_c\pca10040\s132\iar\_build\retarget.o"
#        "C:\Users\Atapy-Hardware04\Desktop\nRF52_DataCentre
#        -GATT\Application_PMS\ble_central\ble_app_uart_c\pca10040\s132\iar\_build\security_dispatcher.o"
#        "C:\Users\Atapy-Hardware04\Desktop\nRF52_DataCentre
#        -GATT\Application_PMS\ble_central\ble_app_uart_c\pca10040\s132\iar\_build\security_manager.o"
#        "C:\Users\Atapy-Hardware04\Desktop\nRF52_DataCentre
#        -GATT\Application_PMS\ble_central\ble_app_uart_c\pca10040\s132\iar\_build\SEGGER_RTT.o"
#        "C:\Users\Atapy-Hardware04\Desktop\nRF52_DataCentre
#        -GATT\Application_PMS\ble_central\ble_app_uart_c\pca10040\s132\iar\_build\SEGGER_RTT_printf.o"
#        "C:\Users\Atapy-Hardware04\Desktop\nRF52_DataCentre
#        -GATT\Application_PMS\ble_central\ble_app_uart_c\pca10040\s132\iar\_build\SEGGER_RTT_Syscalls_IAR.o"
#        "C:\Users\Atapy-Hardware04\Desktop\nRF52_DataCentre
#        -GATT\Application_PMS\ble_central\ble_app_uart_c\pca10040\s132\iar\_build\sensorsim.o"
#        "C:\Users\Atapy-Hardware04\Desktop\nRF52_DataCentre
#        -GATT\Application_PMS\ble_central\ble_app_uart_c\pca10040\s132\iar\_build\system_nrf52.o"
#        "C:\Users\Atapy-Hardware04\Desktop\nRF52_DataCentre
#        -GATT\Application_PMS\ble_central\ble_app_uart_c\pca10040\s132\iar\_build\utf.o"
#        --redirect _Printf=_PrintfFull --redirect _Scanf=_ScanfFull
#        --no_out_extension -o
#        "C:\Users\Atapy-Hardware04\Desktop\nRF52_DataCentre
#        -GATT\Application_PMS\ble_central\ble_app_uart_c\pca10040\s132\iar\_build\ble_app_uart_c_pca10040_s132.out"
#        --map "C:\Users\Atapy-Hardware04\Desktop\nRF52_DataCentre
#        -GATT\Application_PMS\ble_central\ble_app_uart_c\pca10040\s132\iar\_build\ble_app_uart_c_pca10040_s132.map"
#        --config "C:\Users\Atapy-Hardware04\Desktop\nRF52_DataCentre
#        -GATT\Application_PMS\ble_central\ble_app_uart_c\pca10040\s132\iar\ble_app_uart_c_iar_nRF5x.icf"
#        --warnings_are_errors --entry __iar_program_start --inline --vfe
#        --text_out locale)
#
###############################################################################

*******************************************************************************
*** RUNTIME MODEL ATTRIBUTES
***

CppFlavor       = *
__Heap_Handler  = Basic
__SystemLibrary = DLib
__dlib_version  = 6


*******************************************************************************
*** HEAP SELECTION
***

The basic heap was selected because no calls to memory allocation
functions were found in the application outside of system library
functions, and there are calls to deallocation functions in the
application.


*******************************************************************************
*** PLACEMENT SUMMARY
***

"A0":  place at 0x2'6000 { ro section .intvec };
define block RO_END with size = 0M, alignment = 8 { };
"P1":  place in [from 0x2'6000 to 0x7'ffff] { ro, block RO_END };
define block CSTACK with size = 8K, alignment = 8 { };
define block HEAP with size = 8K, alignment = 8 { };
"P2":  place in [from 0x2000'2e00 to 0x2000'ffff] {
          rw, block CSTACK, block HEAP };
initialize by copy { rw };
keep { section .intvec };

  Section                 Kind         Address     Size  Object
  -------                 ----         -------     ----  ------
"A0":                                             0x200
  .intvec                 ro code     0x2'6000    0x200  iar_startup_nrf52.o [1]
                                    - 0x2'6200    0x200

"P1":                                           0x139cc
  .text                   ro code     0x2'6200   0x12c0  fds.o [1]
  .text                   ro code     0x2'74c0    0x352  nrf_fstorage.o [1]
  .text                   ro code     0x2'7812     0x7a  lz77_init_single.o [4]
  .text                   ro code     0x2'788c    0x104  nrf_atomic.o [1]
  .text                   ro code     0x2'7990    0x1ba  nrf_atfifo.o [1]
  .text                   ro code     0x2'7b4a     0x3a  zero_init3.o [4]
  .text                   ro code     0x2'7b84     0x66  ABImemset.o [4]
  .text                   ro code     0x2'7bea     0x1e  xencoding_8859_1.o [2]
  .text                   ro code     0x2'7c08      0x6  ABImemclr4.o [4]
  .text                   ro code     0x2'7c0e      0xa  xsprout.o [2]
  .text                   ro code     0x2'7c18    0x87c  nrf_log_frontend.o [1]
  .text                   ro code     0x2'8494     0x32  ABImemset48.o [4]
  .text                   ro code     0x2'84c6    0x226  nrf_memobj.o [1]
  .text                   ro code     0x2'86ec     0x26  nrf_ringbuf.o [1]
  .rodata                 const       0x2'8712      0x2  boards.o [1]
  .text                   ro code     0x2'8714     0xba  app_util_platform.o [1]
  .text                   ro code     0x2'87ce     0xe2  nrf_balloc.o [1]
  .text                   ro code     0x2'88b0     0xa6  ABImemcpy.o [4]
  .rodata                 const       0x2'8956      0x2  main.o [1]
  .text                   ro code     0x2'8958    0xf46  xprintffull.o [2]
  .text                   ro code     0x2'989e      0x2  iar_startup_nrf52.o [1]
  .text                   ro code     0x2'98a0     0xb8  xlocale_c.o [2]
  .text                   ro code     0x2'9958     0x16  strchr.o [4]
  .text                   ro code     0x2'996e      0x2  iar_startup_nrf52.o [1]
  .text                   ro code     0x2'9970     0x40  xfail_s.o [2]
  .text                   ro code     0x2'99b0     0x36  strlen.o [4]
  .text                   ro code     0x2'99e6      0x2  iar_startup_nrf52.o [1]
  .text                   ro code     0x2'99e8     0x58  memchr.o [4]
  .text                   ro code     0x2'9a40      0xa  xmbcurmax.o [2]
  .text                   ro code     0x2'9a4a      0x2  iar_startup_nrf52.o [1]
  .text                   ro code     0x2'9a4c    0x230  I64DivMod.o [4]
  .text                   ro code     0x2'9c7c    0x1a2  DblMul.o [3]
  .text                   ro code     0x2'9e1e      0x2  iar_startup_nrf52.o [1]
  .text                   ro code     0x2'9e20     0x70  frexp.o [3]
  .text                   ro code     0x2'9e90     0x2e  DblCmpLe.o [3]
  .text                   ro code     0x2'9ebe      0x2  iar_startup_nrf52.o [1]
  .text                   ro code     0x2'9ec0     0x2e  DblCmpGe.o [3]
  .text                   ro code     0x2'9eee      0x2  iar_startup_nrf52.o [1]
  .text                   ro code     0x2'9ef0    0x13a  ldexp.o [3]
  .text                   ro code     0x2'a02a      0x2  iar_startup_nrf52.o [1]
  .text                   ro code     0x2'a02c     0x3a  DblToS32.o [3]
  .text                   ro code     0x2'a066      0x2  iar_startup_nrf52.o [1]
  .text                   ro code     0x2'a068     0x22  S32ToDbl.o [3]
  .text                   ro code     0x2'a08a      0x2  iar_startup_nrf52.o [1]
  .text                   ro code     0x2'a08c     0xe2  DblSub.o [3]
  .text                   ro code     0x2'a16e      0x2  iar_startup_nrf52.o [1]
  .text                   ro code     0x2'a170    0x246  DblDiv.o [3]
  .text                   ro code     0x2'a3b6      0x2  iar_startup_nrf52.o [1]
  .text                   ro code     0x2'a3b8     0x28  DblToU32.o [3]
  .text                   ro code     0x2'a3e0     0x1a  U32ToDbl.o [3]
  .text                   ro code     0x2'a3fa      0x6  abort.o [2]
  .text                   ro code     0x2'a400      0x2  I64DivZer.o [4]
  .text                   ro code     0x2'a402      0x2  iar_startup_nrf52.o [1]
  .text                   ro code     0x2'a404    0x16a  DblAdd.o [3]
  .text                   ro code     0x2'a56e      0x2  iar_startup_nrf52.o [1]
  .text                   ro code     0x2'a570      0xc  XXexit.o [4]
  .text                   ro code     0x2'a57c    0xb3a  main.o [1]
  .text                   ro code     0x2'b0b6    0x12c  nrf_queue.o [1]
  .text                   ro code     0x2'b1e2      0x2  iar_startup_nrf52.o [1]
  .text                   ro code     0x2'b1e4    0x81e  nrf_ble_scan.o [1]
  .text                   ro code     0x2'ba02      0x2  iar_startup_nrf52.o [1]
  .text                   ro code     0x2'ba04     0x20  app_error.o [1]
  .text                   ro code     0x2'ba24    0x6d8  bsp.o [1]
  .text                   ro code     0x2'c0fc     0x40  sprintf.o [2]
  .text                   ro code     0x2'c13c     0x28  printf.o [2]
  .text                   ro code     0x2'c164    0x2dc  app_uart_fifo.o [1]
  .text                   ro code     0x2'c440    0x162  nrf_ble_qwr.o [1]
  .text                   ro code     0x2'c5a2      0x2  iar_startup_nrf52.o [1]
  .text                   ro code     0x2'c5a4    0x35c  nrf_sdh.o [1]
  .text                   ro code     0x2'c900    0x2e8  nrf_sdh_ble.o [1]
  .text                   ro code     0x2'cbe8    0x470  nrf_ble_gatt.o [1]
  .text                   ro code     0x2'd058    0x474  atapy_service.o [1]
  .text                   ro code     0x2'd4cc    0x188  bsp_btn_ble.o [1]
  .text                   ro code     0x2'd654    0x61a  ble_advertising.o [1]
  .text                   ro code     0x2'dc6e      0x2  iar_startup_nrf52.o [1]
  .text                   ro code     0x2'dc70    0x3e0  ble_conn_params.o [1]
  .text                   ro code     0x2'e050    0x674  peer_manager_handler.o [1]
  .text                   ro code     0x2'e6c4    0x800  peer_manager.o [1]
  .text                   ro code     0x2'eec4     0x2c  nrf_log_default_backends.o [1]
  .text                   ro code     0x2'eef0     0x98  nrf_pwr_mgmt.o [1]
  .text                   ro code     0x2'ef88    0x848  app_timer.o [1]
  .text                   ro code     0x2'f7d0     0x68  memcmp.o [4]
  .text                   ro code     0x2'f838    0x908  ble_advdata.o [1]
  .text                   ro code     0x3'0140     0x90  app_error_weak.o [1]
  .text                   ro code     0x3'01d0    0x24e  boards.o [1]
  .text                   ro code     0x3'041e      0x2  iar_startup_nrf52.o [1]
  .text                   ro code     0x3'0420    0x228  app_button.o [1]
  .text                   ro code     0x3'0648    0x6d4  nrfx_uarte.o [1]
  .text                   ro code     0x3'0d1c    0x78c  nrfx_uart.o [1]
  .text                   ro code     0x3'14a8     0xcc  app_fifo.o [1]
  .text                   ro code     0x3'1574     0xf4  nrf_drv_uart.o [1]
  .text                   ro code     0x3'1668     0x6e  nrf_section_iter.o [1]
  .text                   ro code     0x3'16d6      0x2  iar_startup_nrf52.o [1]
  .text                   ro code     0x3'16d8     0x58  nrf_strerror.o [1]
  .text                   ro code     0x3'1730     0x1e  ble_srv_common.o [1]
  .text                   ro code     0x3'174e      0x2  iar_startup_nrf52.o [1]
  .text                   ro code     0x3'1750    0x3a4  ble_conn_state.o [1]
  .text                   ro code     0x3'1af4    0x500  id_manager.o [1]
  .text                   ro code     0x3'1ff4    0x68c  peer_data_storage.o [1]
  .text                   ro code     0x3'2680    0x5e0  security_manager.o [1]
  .text                   ro code     0x3'2c60    0x78c  gatt_cache_manager.o [1]
  .text                   ro code     0x3'33ec    0x6c4  peer_database.o [1]
  .text                   ro code     0x3'3ab0    0x9b2  security_dispatcher.o [1]
  .text                   ro code     0x3'4462      0x2  iar_startup_nrf52.o [1]
  .text                   ro code     0x3'4464    0x2f0  gatts_cache_manager.o [1]
  .text                   ro code     0x3'4754     0xc0  nrf_log_backend_rtt.o [1]
  .text                   ro code     0x3'4814     0x22  I64Shl.o [4]
  .text                   ro code     0x3'4836      0x2  iar_startup_nrf52.o [1]
  .text                   ro code     0x3'4838    0x868  nrfx_gpiote.o [1]
  .text                   ro code     0x3'50a0     0x6e  nrfx_prs.o [1]
  .text                   ro code     0x3'510e     0xd2  nrf_atflags.o [1]
  .text                   ro code     0x3'51e0    0x1d4  peer_id.o [1]
  .text                   ro code     0x3'53b4    0x18a  pm_buffer.o [1]
  .text                   ro code     0x3'553e      0x2  iar_startup_nrf52.o [1]
  .text                   ro code     0x3'5540    0x210  SEGGER_RTT.o [1]
  .text                   ro code     0x3'5750     0xee  nrf_log_backend_serial.o [1]
  .text                   ro code     0x3'583e      0x2  iar_startup_nrf52.o [1]
  .text                   ro code     0x3'5840     0x18  strcpy.o [4]
  .text                   ro code     0x3'5858    0x254  nrf_log_str_formatter.o [1]
  .text                   ro code     0x3'5aac     0x44  nrf_fprintf.o [1]
  .text                   ro code     0x3'5af0     0x28  isprint.o [2]
  .text                   ro code     0x3'5b18    0x478  nrf_fprintf_format.o [1]
  .text                   ro code     0x3'5f90     0x14  isalpha.o [2]
  .text                   ro code     0x3'5fa4     0x14  ispunct.o [2]
  .text                   ro code     0x3'5fb8    0x5f4  system_nrf52.o [1]
  .text                   ro code     0x3'65ac    0x42c  nrf_fstorage_sd.o [1]
  .text                   ro code     0x3'69d8    0x1d4  nrfx_clock.o [1]
  .text                   ro code     0x3'6bac    0x178  nrf_drv_clock.o [1]
  .text                   ro code     0x3'6d24    0x140  heap0.o [2]
  .text                   ro code     0x3'6e64     0x2c  xgetmemchunk.o [2]
  .rodata                 const       0x3'6e90    0x128  nrf_strerror.o [1]
  .text                   ro code     0x3'6fb8     0xd8  xfspos.o [2]
  .text                   ro code     0x3'7090     0xac  fflush.o [2]
  .text                   ro code     0x3'713c      0xc  xfgpos.o [2]
  .text                   ro code     0x3'7148     0x26  retarget.o [1]
  .text                   ro code     0x3'716e      0x2  iar_startup_nrf52.o [1]
  .rodata                 const       0x3'7170     0xb8  security_manager.o [1]
  log_const_data                      0x3'7228     0xb8  <Block>
    log_const_data        const       0x3'7228      0x8  gatt_cache_manager.o [1]
    log_const_data        const       0x3'7230      0x8  gatts_cache_manager.o [1]
    log_const_data        const       0x3'7238      0x8  id_manager.o [1]
    log_const_data        const       0x3'7240      0x8  nrf_ble_gatt.o [1]
    log_const_data        const       0x3'7248      0x8  nrf_ble_scan.o [1]
    log_const_data        const       0x3'7250      0x8  nrf_drv_clock.o [1]
    log_const_data        const       0x3'7258      0x8  nrf_fstorage.o [1]
    log_const_data        const       0x3'7260      0x8  nrf_log_frontend.o [1]
    log_const_data        const       0x3'7268      0x8  nrf_pwr_mgmt.o [1]
    log_const_data        const       0x3'7270      0x8  nrf_sdh.o [1]
    log_const_data        const       0x3'7278      0x8  nrf_sdh_ble.o [1]
    log_const_data        const       0x3'7280      0x8  nrf_sdh_soc.o [1]
    log_const_data        const       0x3'7288      0x8  nrfx_clock.o [1]
    log_const_data        const       0x3'7290      0x8  nrfx_gpiote.o [1]
    log_const_data        const       0x3'7298      0x8  nrfx_prs.o [1]
    log_const_data        const       0x3'72a0      0x8  nrfx_uart.o [1]
    log_const_data        const       0x3'72a8      0x8  nrfx_uarte.o [1]
    log_const_data        const       0x3'72b0      0x8  peer_data_storage.o [1]
    log_const_data        const       0x3'72b8      0x8  peer_database.o [1]
    log_const_data        const       0x3'72c0      0x8  peer_manager.o [1]
    log_const_data        const       0x3'72c8      0x8  peer_manager_handler.o [1]
    log_const_data        const       0x3'72d0      0x8  security_dispatcher.o [1]
    log_const_data        const       0x3'72d8      0x8  security_manager.o [1]
  .text                   ro code     0x3'72e0     0xb4  xfwprep.o [2]
  .text                   ro code     0x3'7394     0x24  fseek.o [2]
  .text                   ro code     0x3'73b8     0x8c  xfofind.o [2]
  .text                   ro code     0x3'7444      0x4  heaptramp0.o [2]
  .rodata                 const       0x3'7448     0x80  gatt_cache_manager.o [1]
  .rodata                 const       0x3'74c8     0x80  gatts_cache_manager.o [1]
  .text                   ro code     0x3'7548     0x7e  fclose.o [2]
  .text                   ro code     0x3'75c6      0x2  iar_startup_nrf52.o [1]
  .rodata                 const       0x3'75c8     0x78  gatts_cache_manager.o [1]
  .rodata                 const       0x3'7640     0x74  peer_database.o [1]
  .rodata                 const       0x3'76b4     0x74  peer_manager_handler.o [1]
  .rodata                 const       0x3'7728     0x70  gatt_cache_manager.o [1]
  .rodata                 const       0x3'7798     0x70  security_dispatcher.o [1]
  .rodata                 const       0x3'7808     0x70  security_dispatcher.o [1]
  .rodata                 const       0x3'7878     0x70  security_manager.o [1]
  .rodata                 const       0x3'78e8     0x6c  security_dispatcher.o [1]
  .rodata                 const       0x3'7954     0x6c  security_manager.o [1]
  .rodata                 const       0x3'79c0     0x64  security_dispatcher.o [1]
  .rodata                 const       0x3'7a24     0x60  gatt_cache_manager.o [1]
  .rodata                 const       0x3'7a84     0x60  peer_database.o [1]
  .rodata                 const       0x3'7ae4     0x60  peer_manager_handler.o [1]
  .rodata                 const       0x3'7b44     0x5c  security_dispatcher.o [1]
  .rodata                 const       0x3'7ba0     0x58  nrf_ble_gatt.o [1]
  .rodata                 const       0x3'7bf8     0x58  peer_data_storage.o [1]
  .rodata                 const       0x3'7c50     0x58  peer_database.o [1]
  .rodata                 const       0x3'7ca8     0x58  security_dispatcher.o [1]
  .rodata                 const       0x3'7d00     0x58  security_manager.o [1]
  .rodata                 const       0x3'7d58     0x54  gatt_cache_manager.o [1]
  .rodata                 const       0x3'7dac     0x54  nrf_sdh_ble.o [1]
  .rodata                 const       0x3'7e00     0x54  nrf_sdh_ble.o [1]
  .rodata                 const       0x3'7e54     0x54  peer_database.o [1]
  .rodata                 const       0x3'7ea8     0x54  peer_manager_handler.o [1]
  .text                   ro code     0x3'7efc     0x54  nrf_sdh_soc.o [1]
  .text                   ro code     0x3'7f50     0x54  fputc.o [2]
  .rodata                 const       0x3'7fa4     0x50  nrf_fstorage.o [1]
  .rodata                 const       0x3'7ff4     0x50  security_dispatcher.o [1]
  .rodata                 const       0x3'8044     0x4c  gatts_cache_manager.o [1]
  .rodata                 const       0x3'8090     0x4c  nrf_ble_gatt.o [1]
  .rodata                 const       0x3'80dc     0x4c  nrf_sdh_ble.o [1]
  .rodata                 const       0x3'8128     0x4c  nrf_sdh_ble.o [1]
  .rodata                 const       0x3'8174     0x4c  peer_data_storage.o [1]
  .rodata                 const       0x3'81c0     0x4c  peer_manager_handler.o [1]
  .rodata                 const       0x3'820c     0x4c  peer_manager_handler.o [1]
  .rodata                 const       0x3'8258     0x48  nrf_sdh_ble.o [1]
  .rodata                 const       0x3'82a0     0x48  peer_manager.o [1]
  .rodata                 const       0x3'82e8     0x48  peer_manager.o [1]
  .rodata                 const       0x3'8330     0x44  peer_data_storage.o [1]
  .rodata                 const       0x3'8374     0x40  gatt_cache_manager.o [1]
  .rodata                 const       0x3'83b4     0x40  gatt_cache_manager.o [1]
  .rodata                 const       0x3'83f4     0x40  nrf_ble_gatt.o [1]
  .rodata                 const       0x3'8434     0x40  peer_data_storage.o [1]
  .rodata                 const       0x3'8474     0x40  peer_database.o [1]
  .rodata                 const       0x3'84b4     0x40  peer_manager.o [1]
  .rodata                 const       0x3'84f4     0x40  peer_manager_handler.o [1]
  .rodata                 const       0x3'8534     0x40  peer_manager_handler.o [1]
  .rodata                 const       0x3'8574     0x3c  gatt_cache_manager.o [1]
  .rodata                 const       0x3'85b0     0x3c  gatt_cache_manager.o [1]
  .rodata                 const       0x3'85ec     0x3c  gatt_cache_manager.o [1]
  .rodata                 const       0x3'8628     0x3c  peer_manager_handler.o [1]
  .rodata                 const       0x3'8664     0x3c  peer_manager_handler.o [1]
  .text                   ro code     0x3'86a0     0x3c  xcloseall.o [2]
  .rodata                 const       0x3'86dc     0x38  gatt_cache_manager.o [1]
  .rodata                 const       0x3'8714     0x38  main.o [1]
  .rodata                 const       0x3'874c     0x38  peer_manager_handler.o [1]
  .rodata                 const       0x3'8784     0x34  nrf_ble_gatt.o [1]
  .rodata                 const       0x3'87b8     0x34  nrf_sdh_ble.o [1]
  .rodata                 const       0x3'87ec     0x34  security_dispatcher.o [1]
  .rodata                 const       0x3'8820     0x34  security_dispatcher.o [1]
  .rodata                 const       0x3'8854     0x30  nrf_ble_gatt.o [1]
  .rodata                 const       0x3'8884     0x30  nrf_sdh_ble.o [1]
  .rodata                 const       0x3'88b4     0x30  peer_database.o [1]
  .rodata                 const       0x3'88e4     0x30  peer_manager_handler.o [1]
  .rodata                 const       0x3'8914     0x30  peer_manager_handler.o [1]
  sdh_ble_observers1                  0x3'8944     0x30  <Block>
    sdh_ble_observers1    const       0x3'8944      0x8  ble_conn_params.o [1]
    sdh_ble_observers1    const       0x3'894c      0x8  bsp_btn_ble.o [1]
    sdh_ble_observers1    const       0x3'8954      0x8  main.o [1]
    sdh_ble_observers1    const       0x3'895c      0x8  main.o [1]
    sdh_ble_observers1    const       0x3'8964      0x8  main.o [1]
    sdh_ble_observers1    const       0x3'896c      0x8  peer_manager.o [1]
  .rodata                 const       0x3'8974     0x2c  nrf_fstorage.o [1]
  .rodata                 const       0x3'89a0     0x2c  nrf_fstorage.o [1]
  .rodata                 const       0x3'89cc     0x2c  nrf_sdh_ble.o [1]
  .rodata                 const       0x3'89f8     0x2c  nrf_strerror.o [1]
  .rodata                 const       0x3'8a24     0x2c  peer_manager.o [1]
  .rodata                 const       0x3'8a50     0x2c  peer_manager.o [1]
  .rodata                 const       0x3'8a7c     0x2c  peer_manager.o [1]
  .rodata                 const       0x3'8aa8     0x2c  peer_manager.o [1]
  .rodata                 const       0x3'8ad4     0x2c  peer_manager.o [1]
  .rodata                 const       0x3'8b00     0x2c  peer_manager.o [1]
  .rodata                 const       0x3'8b2c     0x2c  peer_manager_handler.o [1]
  .rodata                 const       0x3'8b58     0x2c  peer_manager_handler.o [1]
  .rodata                 const       0x3'8b84     0x28  nrf_fstorage.o [1]
  .rodata                 const       0x3'8bac     0x28  nrf_fstorage.o [1]
  .rodata                 const       0x3'8bd4     0x28  nrf_strerror.o [1]
  .rodata                 const       0x3'8bfc     0x28  nrf_strerror.o [1]
  .rodata                 const       0x3'8c24     0x28  peer_manager_handler.o [1]
  .text                   ro code     0x3'8c4c     0x28  data_init.o [4]
  .rodata                 const       0x3'8c74     0x24  nrf_ble_scan.o [1]
  .rodata                 const       0x3'8c98     0x24  nrf_fstorage.o [1]
  .rodata                 const       0x3'8cbc     0x24  nrf_strerror.o [1]
  .rodata                 const       0x3'8ce0     0x24  nrf_strerror.o [1]
  .rodata                 const       0x3'8d04     0x24  nrf_strerror.o [1]
  .rodata                 const       0x3'8d28     0x24  nrf_strerror.o [1]
  .rodata                 const       0x3'8d4c     0x24  nrf_strerror.o [1]
  .rodata                 const       0x3'8d70     0x24  peer_manager_handler.o [1]
  .text                   ro code     0x3'8d94     0x22  fpinit_M.o [3]
  .iar.init_table         const       0x3'8db8     0x20  - Linker created -
  .text                   ro code     0x3'8dd8      0x2  iar_startup_nrf52.o [1]
  .rodata                 const       0x3'8ddc     0x20  app_uart_fifo.o [1]
  .rodata                 const       0x3'8dfc     0x20  nrf_fstorage_sd.o [1]
  .rodata                 const       0x3'8e1c     0x20  nrf_sdh_ble.o [1]
  .rodata                 const       0x3'8e3c     0x20  nrf_sdh_ble.o [1]
  .rodata                 const       0x3'8e5c     0x20  nrf_strerror.o [1]
  .rodata                 const       0x3'8e7c     0x20  nrf_strerror.o [1]
  .rodata                 const       0x3'8e9c     0x20  nrf_strerror.o [1]
  .rodata                 const       0x3'8ebc     0x20  nrf_strerror.o [1]
  .rodata                 const       0x3'8edc     0x20  nrf_strerror.o [1]
  .rodata                 const       0x3'8efc     0x20  peer_database.o [1]
  .rodata                 const       0x3'8f1c     0x20  peer_manager_handler.o [1]
  .rodata                 const       0x3'8f3c     0x20  peer_manager_handler.o [1]
  .rodata                 const       0x3'8f5c     0x20  peer_manager_handler.o [1]
  .text                   ro code     0x3'8f7c     0x1e  cmain.o [4]
  .text                   ro code     0x3'8f9a      0x4  exit.o [2]
  .text                   ro code     0x3'8f9e      0x2  iar_startup_nrf52.o [1]
  .text                   ro code     0x3'8fa0      0xe  cexit.o [4]
  .text                   ro code     0x3'8fae      0x2  iar_startup_nrf52.o [1]
  .rodata                 const       0x3'8fb0     0x1c  nrf_strerror.o [1]
  .rodata                 const       0x3'8fcc     0x1c  nrf_strerror.o [1]
  .rodata                 const       0x3'8fe8     0x1c  nrf_strerror.o [1]
  .rodata                 const       0x3'9004     0x1c  nrf_strerror.o [1]
  .rodata                 const       0x3'9020     0x1c  nrf_strerror.o [1]
  .rodata                 const       0x3'903c     0x1c  peer_manager_handler.o [1]
  .rodata                 const       0x3'9058     0x1c  peer_manager_handler.o [1]
  .rodata                 const       0x3'9074     0x18  gatt_cache_manager.o [1]
  .rodata                 const       0x3'908c     0x18  gatt_cache_manager.o [1]
  .rodata                 const       0x3'90a4     0x18  gatt_cache_manager.o [1]
  .rodata                 const       0x3'90bc     0x18  gatt_cache_manager.o [1]
  .rodata                 const       0x3'90d4     0x18  main.o [1]
  .rodata                 const       0x3'90ec     0x18  nrf_fstorage.o [1]
  .rodata                 const       0x3'9104     0x18  nrf_log_str_formatter.o [1]
  .rodata                 const       0x3'911c     0x18  nrf_pwr_mgmt.o [1]
  .rodata                 const       0x3'9134     0x18  nrf_strerror.o [1]
  .rodata                 const       0x3'914c     0x18  nrf_strerror.o [1]
  .rodata                 const       0x3'9164     0x18  nrf_strerror.o [1]
  .rodata                 const       0x3'917c     0x18  nrf_strerror.o [1]
  .rodata                 const       0x3'9194     0x18  nrf_strerror.o [1]
  .rodata                 const       0x3'91ac     0x18  nrf_strerror.o [1]
  .rodata                 const       0x3'91c4     0x18  nrf_strerror.o [1]
  .rodata                 const       0x3'91dc     0x18  nrf_strerror.o [1]
  .rodata                 const       0x3'91f4     0x18  nrf_strerror.o [1]
  .rodata                 const       0x3'920c     0x18  peer_data_storage.o [1]
  .rodata                 const       0x3'9224     0x18  peer_manager_handler.o [1]
  .rodata                 const       0x3'923c     0x18  peer_manager_handler.o [1]
  .rodata                 const       0x3'9254     0x18  peer_manager_handler.o [1]
  .rodata                 const       0x3'926c     0x18  security_dispatcher.o [1]
  .rodata                 const       0x3'9284     0x18  security_dispatcher.o [1]
  .rodata                 const       0x3'929c     0x18  security_dispatcher.o [1]
  .rodata                 const       0x3'92b4     0x18  security_dispatcher.o [1]
  .rodata                 const       0x3'92cc     0x18  security_dispatcher.o [1]
  .text                   ro code     0x3'92e4     0x16  xprout.o [2]
  .text                   ro code     0x3'92fa      0x2  iar_startup_nrf52.o [1]
  .text                   ro code     0x3'92fc      0xc  putchar.o [2]
  .rodata                 const       0x3'9308     0x14  gatt_cache_manager.o [1]
  .rodata                 const       0x3'931c     0x14  gatts_cache_manager.o [1]
  .rodata                 const       0x3'9330     0x14  main.o [1]
  .rodata                 const       0x3'9344     0x14  nrf_fstorage.o [1]
  .rodata                 const       0x3'9358     0x14  nrf_fstorage.o [1]
  .rodata                 const       0x3'936c     0x14  nrf_fstorage.o [1]
  .rodata                 const       0x3'9380     0x14  nrf_log_frontend.o [1]
  .rodata                 const       0x3'9394     0x14  nrf_strerror.o [1]
  .rodata                 const       0x3'93a8     0x14  nrf_strerror.o [1]
  .rodata                 const       0x3'93bc     0x14  nrf_strerror.o [1]
  .rodata                 const       0x3'93d0     0x14  nrf_strerror.o [1]
  .rodata                 const       0x3'93e4     0x14  nrf_strerror.o [1]
  .rodata                 const       0x3'93f8     0x14  nrf_strerror.o [1]
  .rodata                 const       0x3'940c     0x14  nrf_strerror.o [1]
  .rodata                 const       0x3'9420     0x14  nrf_strerror.o [1]
  .rodata                 const       0x3'9434     0x14  peer_data_storage.o [1]
  .rodata                 const       0x3'9448     0x14  peer_database.o [1]
  .rodata                 const       0x3'945c     0x14  peer_manager_handler.o [1]
  .rodata                 const       0x3'9470     0x14  peer_manager_handler.o [1]
  .rodata                 const       0x3'9484     0x14  security_dispatcher.o [1]
  nrf_balloc              const       0x3'9498     0x14  nrf_log_frontend.o [1]
  nrf_queue               const       0x3'94ac     0x14  main.o [1]
  .rodata                 const       0x3'94c0     0x10  app_error_weak.o [1]
  .rodata                 const       0x3'94d0     0x10  atapy_service.o [1]
  .rodata                 const       0x3'94e0     0x10  atapy_service.o [1]
  .rodata                 const       0x3'94f0     0x10  id_manager.o [1]
  .rodata                 const       0x3'9500     0x10  main.o [1]
  .rodata                 const       0x3'9510     0x10  main.o [1]
  .rodata                 const       0x3'9520     0x10  main.o [1]
  .rodata                 const       0x3'9530     0x10  main.o [1]
  .rodata                 const       0x3'9540     0x10  main.o [1]
  .rodata                 const       0x3'9550     0x10  main.o [1]
  .rodata                 const       0x3'9560     0x10  main.o [1]
  .rodata                 const       0x3'9570     0x10  nrf_ble_gatt.o [1]
  .rodata                 const       0x3'9580     0x10  nrf_fprintf_format.o [1]
  .rodata                 const       0x3'9590     0x10  nrf_fstorage.o [1]
  .rodata                 const       0x3'95a0     0x10  nrf_log_default_backends.o [1]
  .rodata                 const       0x3'95b0     0x10  nrf_sdh.o [1]
  .rodata                 const       0x3'95c0     0x10  nrf_sdh.o [1]
  .rodata                 const       0x3'95d0     0x10  nrf_sdh.o [1]
  .rodata                 const       0x3'95e0     0x10  nrf_sdh_soc.o [1]
  .rodata                 const       0x3'95f0     0x10  nrf_strerror.o [1]
  .rodata                 const       0x3'9600     0x10  nrf_strerror.o [1]
  .rodata                 const       0x3'9610     0x10  peer_database.o [1]
  .rodata                 const       0x3'9620     0x10  peer_manager.o [1]
  .rodata                 const       0x3'9630     0x10  peer_manager.o [1]
  .rodata                 const       0x3'9640     0x10  peer_manager_handler.o [1]
  .rodata                 const       0x3'9650     0x10  peer_manager_handler.o [1]
  .rodata                 const       0x3'9660     0x10  peer_manager_handler.o [1]
  .rodata                 const       0x3'9670     0x10  peer_manager_handler.o [1]
  .rodata                 const       0x3'9680     0x10  peer_manager_handler.o [1]
  .rodata                 const       0x3'9690     0x10  peer_manager_handler.o [1]
  .rodata                 const       0x3'96a0     0x10  peer_manager_handler.o [1]
  .rodata                 const       0x3'96b0     0x10  security_dispatcher.o [1]
  .rodata                 const       0x3'96c0     0x10  security_manager.o [1]
  .text                   ro code     0x3'96d0     0x10  iar_startup_nrf52.o [1]
  log_backends            const       0x3'96e0     0x10  nrf_log_default_backends.o [1]
  sdh_ble_observers2                  0x3'96f0     0x10  <Block>
    sdh_ble_observers2    const       0x3'96f0      0x8  main.o [1]
    sdh_ble_observers2    const       0x3'96f8      0x8  main.o [1]
  sdh_soc_observers0                  0x3'9700     0x10  <Block>
    sdh_soc_observers0    const       0x3'9700      0x8  nrf_drv_clock.o [1]
    sdh_soc_observers0    const       0x3'9708      0x8  nrf_fstorage_sd.o [1]
  sdh_stack_observers0                0x3'9710     0x10  <Block>
    sdh_stack_observers0  const       0x3'9710      0x8  nrf_sdh_ble.o [1]
    sdh_stack_observers0  const       0x3'9718      0x8  nrf_sdh_soc.o [1]
  sdh_state_observers0                0x3'9720     0x10  <Block>
    sdh_state_observers0  const       0x3'9720      0x8  nrf_drv_clock.o [1]
    sdh_state_observers0  const       0x3'9728      0x8  nrf_fstorage_sd.o [1]
  .rodata                 const       0x3'9730      0xc  app_error_weak.o [1]
  .rodata                 const       0x3'973c      0xc  atapy_service.o [1]
  .rodata                 const       0x3'9748      0xc  atapy_service.o [1]
  .rodata                 const       0x3'9754      0xc  main.o [1]
  .rodata                 const       0x3'9760      0xc  main.o [1]
  .rodata                 const       0x3'976c      0xc  nrf_ble_scan.o [1]
  .rodata                 const       0x3'9778      0xc  nrf_fstorage.o [1]
  .rodata                 const       0x3'9784      0xc  nrf_fstorage_sd.o [1]
  .rodata                 const       0x3'9790      0xc  nrf_log_backend_rtt.o [1]
  .rodata                 const       0x3'979c      0xc  nrf_log_frontend.o [1]
  .rodata                 const       0x3'97a8      0xc  nrf_log_str_formatter.o [1]
  .rodata                 const       0x3'97b4      0xc  nrf_pwr_mgmt.o [1]
  .rodata                 const       0x3'97c0      0xc  nrf_pwr_mgmt.o [1]
  .rodata                 const       0x3'97cc      0xc  nrf_sdh.o [1]
  .rodata                 const       0x3'97d8      0xc  nrf_sdh.o [1]
  .rodata                 const       0x3'97e4      0xc  nrf_sdh.o [1]
  .rodata                 const       0x3'97f0      0xc  nrf_sdh_ble.o [1]
  .rodata                 const       0x3'97fc      0xc  nrf_sdh_ble.o [1]
  .rodata                 const       0x3'9808      0xc  nrf_sdh_soc.o [1]
  .rodata                 const       0x3'9814      0xc  nrf_sdh_soc.o [1]
  .rodata                 const       0x3'9820      0xc  nrf_strerror.o [1]
  .rodata                 const       0x3'982c      0xc  peer_manager_handler.o [1]
  .rodata                 const       0x3'9838      0xc  peer_manager_handler.o [1]
  .rodata                 const       0x3'9844      0xc  peer_manager_handler.o [1]
  .rodata                 const       0x3'9850      0xc  peer_manager_handler.o [1]
  .rodata                 const       0x3'985c      0xc  SEGGER_RTT.o [1]
  .text                   ro code     0x3'9868      0xc  cstartup_M.o [4]
  .rodata                 const       0x3'9880      0x8  app_timer.o [1]
  .rodata                 const       0x3'9888      0x8  atapy_service.o [1]
  .rodata                 const       0x3'9890      0x8  bsp.o [1]
  .rodata                 const       0x3'9898      0x8  fds.o [1]
  .rodata                 const       0x3'98a0      0x8  fds.o [1]
  .rodata                 const       0x3'98a8      0x8  gatt_cache_manager.o [1]
  .rodata                 const       0x3'98b0      0x8  gatts_cache_manager.o [1]
  .rodata                 const       0x3'98b8      0x8  gatts_cache_manager.o [1]
  .rodata                 const       0x3'98c0      0x8  id_manager.o [1]
  .rodata                 const       0x3'98c8      0x8  main.o [1]
  .rodata                 const       0x3'98d0      0x8  main.o [1]
  .rodata                 const       0x3'98d8      0x8  nrf_ble_gatt.o [1]
  .rodata                 const       0x3'98e0      0x8  nrf_ble_gatt.o [1]
  .rodata                 const       0x3'98e8      0x8  nrf_ble_gatt.o [1]
  .rodata                 const       0x3'98f0      0x8  nrf_ble_gatt.o [1]
  .rodata                 const       0x3'98f8      0x8  nrf_ble_gatt.o [1]
  .rodata                 const       0x3'9900      0x8  nrf_drv_clock.o [1]
  .rodata                 const       0x3'9908      0x8  nrf_fstorage.o [1]
  .rodata                 const       0x3'9910      0x8  nrf_fstorage.o [1]
  .rodata                 const       0x3'9918      0x8  nrf_fstorage.o [1]
  .rodata                 const       0x3'9920      0x8  nrf_log_backend_rtt.o [1]
  .rodata                 const       0x3'9928      0x8  nrf_log_str_formatter.o [1]
  .rodata                 const       0x3'9930      0x8  nrf_log_str_formatter.o [1]
  .rodata                 const       0x3'9938      0x8  nrf_log_str_formatter.o [1]
  .rodata                 const       0x3'9940      0x8  nrf_log_str_formatter.o [1]
  .rodata                 const       0x3'9948      0x8  nrf_log_str_formatter.o [1]
  .rodata                 const       0x3'9950      0x8  nrf_log_str_formatter.o [1]
  .rodata                 const       0x3'9958      0x8  nrf_log_str_formatter.o [1]
  .rodata                 const       0x3'9960      0x8  nrf_log_str_formatter.o [1]
  .rodata                 const       0x3'9968      0x8  nrf_log_str_formatter.o [1]
  .rodata                 const       0x3'9970      0x8  nrf_log_str_formatter.o [1]
  .rodata                 const       0x3'9978      0x8  nrf_log_str_formatter.o [1]
  .rodata                 const       0x3'9980      0x8  nrf_log_str_formatter.o [1]
  .rodata                 const       0x3'9988      0x8  nrf_log_str_formatter.o [1]
  .rodata                 const       0x3'9990      0x8  nrf_log_str_formatter.o [1]
  .rodata                 const       0x3'9998      0x8  nrf_sdh.o [1]
  .rodata                 const       0x3'99a0      0x8  nrfx_clock.o [1]
  .rodata                 const       0x3'99a8      0x8  nrfx_gpiote.o [1]
  .rodata                 const       0x3'99b0      0x8  nrfx_uart.o [1]
  .rodata                 const       0x3'99b8      0x8  nrfx_uarte.o [1]
  .rodata                 const       0x3'99c0      0x8  peer_database.o [1]
  .rodata                 const       0x3'99c8      0x8  peer_manager.o [1]
  .rodata                 const       0x3'99d0      0x8  peer_manager.o [1]
  .rodata                 const       0x3'99d8      0x8  peer_manager.o [1]
  .rodata                 const       0x3'99e0      0x8  peer_manager_handler.o [1]
  .rodata                 const       0x3'99e8      0x8  peer_manager_handler.o [1]
  .rodata                 const       0x3'99f0      0x8  peer_manager_handler.o [1]
  .rodata                 const       0x3'99f8      0x8  peer_manager_handler.o [1]
  .rodata                 const       0x3'9a00      0x8  peer_manager_handler.o [1]
  .rodata                 const       0x3'9a08      0x8  SEGGER_RTT.o [1]
  sdh_ble_observers0                  0x3'9a10      0x8  <Block>
    sdh_ble_observers0    const       0x3'9a10      0x8  ble_conn_state.o [1]
  sdh_ble_observers3                  0x3'9a18      0x8  <Block>
    sdh_ble_observers3    const       0x3'9a18      0x8  main.o [1]
  sdh_req_observers0                  0x3'9a20      0x8  <Block>
    sdh_req_observers0    const       0x3'9a20      0x8  nrf_fstorage_sd.o [1]
  sdh_soc_observers1                  0x3'9a28      0x8  <Block>
    sdh_soc_observers1    const       0x3'9a28      0x8  main.o [1]
  .rodata                 const       0x3'9a30      0x6  xlocale_c.o [2]
  .text                   ro code     0x3'9a36      0x2  iar_startup_nrf52.o [1]
  .rodata                 const       0x3'9a38      0x4  app_button.o [1]
  .rodata                 const       0x3'9a3c      0x4  app_button.o [1]
  .rodata                 const       0x3'9a40      0x4  bsp.o [1]
  .rodata                 const       0x3'9a44      0x4  bsp.o [1]
  .rodata                 const       0x3'9a48      0x4  bsp.o [1]
  .rodata                 const       0x3'9a4c      0x4  fds.o [1]
  .rodata                 const       0x3'9a50      0x4  fds.o [1]
  .rodata                 const       0x3'9a54      0x4  gatt_cache_manager.o [1]
  .rodata                 const       0x3'9a58      0x4  gatt_cache_manager.o [1]
  .rodata                 const       0x3'9a5c      0x4  gatt_cache_manager.o [1]
  .rodata                 const       0x3'9a60      0x4  gatts_cache_manager.o [1]
  .rodata                 const       0x3'9a64      0x4  gatts_cache_manager.o [1]
  .rodata                 const       0x3'9a68      0x4  main.o [1]
  .rodata                 const       0x3'9a6c      0x4  main.o [1]
  .rodata                 const       0x3'9a70      0x4  main.o [1]
  .rodata                 const       0x3'9a74      0x4  nrf_fprintf.o [1]
  .rodata                 const       0x3'9a78      0x4  nrf_fstorage_sd.o [1]
  .rodata                 const       0x3'9a7c      0x4  nrf_log_frontend.o [1]
  .rodata                 const       0x3'9a80      0x4  nrf_sdh.o [1]
  .rodata                 const       0x3'9a84      0x4  nrf_sdh_ble.o [1]
  .rodata                 const       0x3'9a88      0x4  nrfx_gpiote.o [1]
  .rodata                 const       0x3'9a8c      0x4  nrfx_prs.o [1]
  .rodata                 const       0x3'9a90      0x4  nrfx_uart.o [1]
  .rodata                 const       0x3'9a94      0x4  nrfx_uarte.o [1]
  .rodata                 const       0x3'9a98      0x4  peer_data_storage.o [1]
  .rodata                 const       0x3'9a9c      0x4  security_dispatcher.o [1]
  .rodata                 const       0x3'9aa0      0x4  security_manager.o [1]
  .text                   ro code     0x3'9aa4      0x2  iar_startup_nrf52.o [1]
  .text                   ro code     0x3'9aa6      0x2  iar_startup_nrf52.o [1]
  .text                   ro code     0x3'9aa8      0x2  iar_startup_nrf52.o [1]
  .text                   ro code     0x3'9aaa      0x2  iar_startup_nrf52.o [1]
  .text                   ro code     0x3'9aac      0x2  iar_startup_nrf52.o [1]
  .text                   ro code     0x3'9aae      0x2  iar_startup_nrf52.o [1]
  .text                   ro code     0x3'9ab0      0x2  iar_startup_nrf52.o [1]
  .text                   ro code     0x3'9ab2      0x2  iar_startup_nrf52.o [1]
  .rodata                 const       0x3'9ab4      0x1  boards.o [1]
  .text                   ro code     0x3'9ab8      0x0  cstart_closeall.o [4]
  .rodata                 const       0x3'9ab8      0x0  zero_init3.o [4]
  .rodata                 const       0x3'9ab8      0x0  lz77_init_single.o [4]
  Initializer bytes       const       0x3'9ab8    0x114  <for P2-1>
                                    - 0x3'9bcc  0x139cc

"P2", part 1 of 3:                                0x24e
  P2-1                             0x2000'2e00    0x24e  <Init block>
    .data                 inited   0x2000'2e00     0x14  app_uart_fifo.o [1]
    .data                 inited   0x2000'2e14      0x4  gatt_cache_manager.o [1]
    .data                 inited   0x2000'2e18      0x4  main.o [1]
    .data                 inited   0x2000'2e1c      0x8  nrf_log_default_backends.o [1]
    .data                 inited   0x2000'2e24     0x14  nrf_log_str_formatter.o [1]
    .data                 inited   0x2000'2e38     0x24  nrf_log_str_formatter.o [1]
    .data                 inited   0x2000'2e5c      0xc  peer_manager_handler.o [1]
    .data                 inited   0x2000'2e68      0xc  peer_manager_handler.o [1]
    .data                 inited   0x2000'2e74     0x28  peer_manager_handler.o [1]
    .data                 inited   0x2000'2e9c      0x8  peer_manager_handler.o [1]
    .data                 inited   0x2000'2ea4     0x10  peer_manager_handler.o [1]
    .data                 inited   0x2000'2eb4      0x4  system_nrf52.o [1]
    .data                 inited   0x2000'2eb8     0x38  xlocale_c.o [2]
    .data                 inited   0x2000'2ef0     0x48  xlocale_c.o [2]
    .data                 inited   0x2000'2f38     0x48  xfiles.o [2]
    .data                 inited   0x2000'2f80     0x48  xfiles.o [2]
    .data                 inited   0x2000'2fc8     0x48  xfiles.o [2]
    .data                 inited   0x2000'3010     0x20  xfiles.o [2]
    fs_data               inited   0x2000'3030     0x14  fds.o [1]
    .data                 inited   0x2000'3044      0x2  main.o [1]
    .data                 inited   0x2000'3046      0x1  security_dispatcher.o [1]
    .data                 inited   0x2000'3047      0x1  security_dispatcher.o [1]
    .data                 inited   0x2000'3048      0x1  security_dispatcher.o [1]
    .data                 inited   0x2000'3049      0x1  security_dispatcher.o [1]
    .data                 inited   0x2000'304a      0x1  security_manager.o [1]
    .data                 inited   0x2000'304b      0x1  security_manager.o [1]
    .data                 inited   0x2000'304c      0x1  security_manager.o [1]
    .data                 inited   0x2000'304d      0x1  security_manager.o [1]
                                 - 0x2000'304e    0x24e

"P2", part 2 of 3:                               0x2b64
  .bss                    zero     0x2000'3050   0x1000  main.o [1]
  .bss                    zero     0x2000'4050    0x424  nrf_log_frontend.o [1]
  .bss                    zero     0x2000'4474    0x368  main.o [1]
  .bss                    zero     0x2000'47dc    0x258  main.o [1]
  .bss                    zero     0x2000'4a34    0x200  main.o [1]
  .bss                    zero     0x2000'4c34    0x200  SEGGER_RTT.o [1]
  .bss                    zero     0x2000'4e34    0x140  peer_database.o [1]
  .bss                    zero     0x2000'4f74    0x10c  app_timer.o [1]
  .bss                    zero     0x2000'5080     0xc8  id_manager.o [1]
  .bss                    zero     0x2000'5148     0xc0  nrf_log_frontend.o [1]
  .bss                    zero     0x2000'5208     0x8c  fds.o [1]
  .bss                    zero     0x2000'5294     0x8c  nrf_fstorage_sd.o [1]
  .bss                    zero     0x2000'5320     0x80  nrf_log_frontend.o [1]
  .bss                    zero     0x2000'53a0     0x78  ble_conn_state.o [1]
  .bss                    zero     0x2000'5418     0x78  SEGGER_RTT.o [1]
  .bss                    zero     0x2000'5490     0x64  main.o [1]
  .bss                    zero     0x2000'54f4     0x64  main.o [1]
  .bss                    zero     0x2000'5558     0x5c  main.o [1]
  .bss                    zero     0x2000'55b4     0x5c  nrfx_gpiote.o [1]
  .bss                    zero     0x2000'5610     0x50  xfiles.o [2]
  .bss                    zero     0x2000'5660     0x50  xfiles.o [2]
  .bss                    zero     0x2000'56b0     0x40  nrf_log_backend_rtt.o [1]
  .bss                    zero     0x2000'56f0     0x40  peer_id.o [1]
  .bss                    zero     0x2000'5730     0x40  security_dispatcher.o [1]
  .bss                    zero     0x2000'5770     0x30  peer_database.o [1]
  .bss                    zero     0x2000'57a0     0x2c  nrfx_uart.o [1]
  .bss                    zero     0x2000'57cc     0x28  fds.o [1]
  .bss                    zero     0x2000'57f4     0x24  main.o [1]
  .bss                    zero     0x2000'5818     0x24  main.o [1]
  .bss                    zero     0x2000'583c     0x24  nrfx_uarte.o [1]
  .bss                    zero     0x2000'5860     0x20  app_button.o [1]
  .bss                    zero     0x2000'5880     0x20  ble_conn_params.o [1]
  .bss                    zero     0x2000'58a0     0x20  bsp.o [1]
  .bss                    zero     0x2000'58c0     0x20  bsp.o [1]
  .bss                    zero     0x2000'58e0     0x20  bsp.o [1]
  .bss                    zero     0x2000'5900     0x20  main.o [1]
  .bss                    zero     0x2000'5920     0x20  main.o [1]
  .bss                    zero     0x2000'5940     0x1c  ble_conn_params.o [1]
  .bss                    zero     0x2000'595c     0x18  nrf_log_frontend.o [1]
  .bss                    zero     0x2000'5974     0x14  ble_conn_params.o [1]
  .bss                    zero     0x2000'5988     0x14  main.o [1]
  .bss                    zero     0x2000'599c     0x14  nrf_drv_clock.o [1]
  .bss                    zero     0x2000'59b0     0x14  nrf_fstorage_sd.o [1]
  .bss                    zero     0x2000'59c4     0x10  app_uart_fifo.o [1]
  .bss                    zero     0x2000'59d4     0x10  app_uart_fifo.o [1]
  .bss                    zero     0x2000'59e4     0x10  fds.o [1]
  .bss                    zero     0x2000'59f4     0x10  fds.o [1]
  .bss                    zero     0x2000'5a04     0x10  fds.o [1]
  .bss                    zero     0x2000'5a14     0x10  nrf_fstorage_sd.o [1]
  .bss                    zero     0x2000'5a24     0x10  peer_database.o [1]
  .bss                    zero     0x2000'5a34     0x10  SEGGER_RTT.o [1]
  .bss                    zero     0x2000'5a44      0xc  app_util_platform.o [1]
  .bss                    zero     0x2000'5a50      0xc  fds.o [1]
  .bss                    zero     0x2000'5a5c      0xc  main.o [1]
  .bss                    zero     0x2000'5a68      0xc  main.o [1]
  .bss                    zero     0x2000'5a74      0xc  nrf_pwr_mgmt.o [1]
  .bss                    zero     0x2000'5a80      0xc  peer_manager.o [1]
  .bss                    zero     0x2000'5a8c      0x4  app_button.o [1]
  .bss                    zero     0x2000'5a90      0x8  app_button.o [1]
  .bss                    zero     0x2000'5a98      0x8  app_button.o [1]
  .bss                    zero     0x2000'5aa0      0x8  app_timer.o [1]
  .bss                    zero     0x2000'5aa8      0x8  ble_conn_params.o [1]
  .bss                    zero     0x2000'5ab0      0x8  fds.o [1]
  .bss                    zero     0x2000'5ab8      0x8  fds.o [1]
  .bss                    zero     0x2000'5ac0      0x8  fds.o [1]
  .bss                    zero     0x2000'5ac8      0x8  main.o [1]
  .bss                    zero     0x2000'5ad0      0x8  nrf_log_frontend.o [1]
  .bss                    zero     0x2000'5ad8      0x8  nrf_log_frontend.o [1]
  .bss                    zero     0x2000'5ae0      0x8  nrfx_clock.o [1]
  .bss                    zero     0x2000'5ae8      0x8  nrfx_prs.o [1]
  .bss                    zero     0x2000'5af0      0x8  peer_data_storage.o [1]
  .bss                    zero     0x2000'5af8      0x8  security_manager.o [1]
  .bss                    zero     0x2000'5b00      0x8  heap0.o [2]
  .bss                    zero     0x2000'5b08      0x4  app_button.o [1]
  .bss                    zero     0x2000'5b0c      0x4  app_timer.o [1]
  .bss                    zero     0x2000'5b10      0x4  app_timer.o [1]
  .bss                    zero     0x2000'5b14      0x4  app_uart_fifo.o [1]
  .bss                    zero     0x2000'5b18      0x4  bsp.o [1]
  .bss                    zero     0x2000'5b1c      0x4  bsp.o [1]
  .bss                    zero     0x2000'5b20      0x4  bsp.o [1]
  .bss                    zero     0x2000'5b24      0x4  bsp_btn_ble.o [1]
  .bss                    zero     0x2000'5b28      0x4  bsp_btn_ble.o [1]
  .bss                    zero     0x2000'5b2c      0x4  fds.o [1]
  .bss                    zero     0x2000'5b30      0x4  fds.o [1]
  .bss                    zero     0x2000'5b34      0x4  fds.o [1]
  .bss                    zero     0x2000'5b38      0x4  fds.o [1]
  .bss                    zero     0x2000'5b3c      0x4  fds.o [1]
  .bss                    zero     0x2000'5b40      0x4  gatt_cache_manager.o [1]
  .bss                    zero     0x2000'5b44      0x4  main.o [1]
  .bss                    zero     0x2000'5b48      0x4  main.o [1]
  .bss                    zero     0x2000'5b4c      0x4  nrf_drv_uart.o [1]
  .bss                    zero     0x2000'5b50      0x4  nrf_drv_uart.o [1]
  .bss                    zero     0x2000'5b54      0x4  nrf_fstorage_sd.o [1]
  .bss                    zero     0x2000'5b58      0x4  nrf_fstorage_sd.o [1]
  .bss                    zero     0x2000'5b5c      0x4  nrf_pwr_mgmt.o [1]
  .bss                    zero     0x2000'5b60      0x4  peer_database.o [1]
  .bss                    zero     0x2000'5b64      0x4  peer_manager.o [1]
  .bss                    zero     0x2000'5b68      0x4  peer_manager.o [1]
  .bss                    zero     0x2000'5b6c      0x4  peer_manager_handler.o [1]
  .bss                    zero     0x2000'5b70      0x4  security_manager.o [1]
  .bss                    zero     0x2000'5b74      0x4  security_manager.o [1]
  .bss                    zero     0x2000'5b78      0x4  xfail_s.o [2]
  .bss                    zero     0x2000'5b7c      0x4  xgetmemchunk.o [2]
  .bss                    zero     0x2000'5b80      0x2  fds.o [1]
  .bss                    zero     0x2000'5b82      0x2  gatts_cache_manager.o [1]
  .bss                    zero     0x2000'5b84      0x2  gatts_cache_manager.o [1]
  .bss                    zero     0x2000'5b86      0x2  main.o [1]
  .bss                    zero     0x2000'5b88      0x2  peer_manager.o [1]
  .bss                    zero     0x2000'5b8a      0x1  app_button.o [1]
  .bss                    zero     0x2000'5b8b      0x1  app_timer.o [1]
  .bss                    zero     0x2000'5b8c      0x1  app_timer.o [1]
  .bss                    zero     0x2000'5b8d      0x1  app_timer.o [1]
  .bss                    zero     0x2000'5b8e      0x1  app_timer.o [1]
  .bss                    zero     0x2000'5b8f      0x1  app_uart_fifo.o [1]
  .bss                    zero     0x2000'5b90      0x1  app_uart_fifo.o [1]
  .bss                    zero     0x2000'5b91      0x1  app_uart_fifo.o [1]
  .bss                    zero     0x2000'5b92      0x1  bsp.o [1]
  .bss                    zero     0x2000'5b93      0x1  bsp.o [1]
  .bss                    zero     0x2000'5b94      0x1  bsp.o [1]
  .bss                    zero     0x2000'5b95      0x1  bsp.o [1]
  .bss                    zero     0x2000'5b96      0x1  bsp.o [1]
  .bss                    zero     0x2000'5b97      0x1  gatt_cache_manager.o [1]
  .bss                    zero     0x2000'5b98      0x1  gatt_cache_manager.o [1]
  .bss                    zero     0x2000'5b99      0x1  gatt_cache_manager.o [1]
  .bss                    zero     0x2000'5b9a      0x1  gatt_cache_manager.o [1]
  .bss                    zero     0x2000'5b9b      0x1  gatt_cache_manager.o [1]
  .bss                    zero     0x2000'5b9c      0x1  gatt_cache_manager.o [1]
  .bss                    zero     0x2000'5b9d      0x1  gatts_cache_manager.o [1]
  .bss                    zero     0x2000'5b9e      0x1  main.o [1]
  .bss                    zero     0x2000'5b9f      0x1  nrf_drv_uart.o [1]
  .bss                    zero     0x2000'5ba0      0x1  nrf_log_backend_rtt.o [1]
  .bss                    zero     0x2000'5ba1      0x1  nrf_pwr_mgmt.o [1]
  .bss                    zero     0x2000'5ba2      0x1  nrf_sdh.o [1]
  .bss                    zero     0x2000'5ba3      0x1  nrf_sdh.o [1]
  .bss                    zero     0x2000'5ba4      0x1  nrf_sdh.o [1]
  .bss                    zero     0x2000'5ba5      0x1  nrf_sdh_ble.o [1]
  .bss                    zero     0x2000'5ba6      0x1  peer_data_storage.o [1]
  .bss                    zero     0x2000'5ba7      0x1  peer_data_storage.o [1]
  .bss                    zero     0x2000'5ba8      0x1  peer_database.o [1]
  .bss                    zero     0x2000'5ba9      0x1  peer_database.o [1]
  .bss                    zero     0x2000'5baa      0x1  peer_manager.o [1]
  .bss                    zero     0x2000'5bab      0x1  peer_manager.o [1]
  .bss                    zero     0x2000'5bac      0x1  peer_manager.o [1]
  .bss                    zero     0x2000'5bad      0x1  peer_manager.o [1]
  .bss                    zero     0x2000'5bae      0x1  peer_manager_handler.o [1]
  .bss                    zero     0x2000'5baf      0x1  peer_manager_handler.o [1]
  .bss                    zero     0x2000'5bb0      0x1  security_dispatcher.o [1]
  .bss                    zero     0x2000'5bb1      0x1  security_manager.o [1]
  .bss                    zero     0x2000'5bb2      0x1  security_manager.o [1]
                                 - 0x2000'5bb3   0x2b63

"P2", part 3 of 3:                               0x4000
  CSTACK                           0x2000'5bb8   0x2000  <Block>
    CSTACK                uninit   0x2000'5bb8   0x2000  <Block tail>
  HEAP                             0x2000'7bb8   0x2000  <Block>
    HEAP                  uninit   0x2000'7bb8   0x2000  <Block tail>
                                 - 0x2000'9bb8   0x4000

Unused ranges:

         From           To      Size
         ----           --      ----
     0x3'9bcc     0x7'ffff  0x4'6434
  0x2000'304e  0x2000'304f       0x2
  0x2000'5bb4  0x2000'5bb7       0x4
  0x2000'9bb8  0x2000'ffff    0x6448


*******************************************************************************
*** INIT TABLE
***

          Address      Size
          -------      ----
Zero (__iar_zero_init3)
    1 destination range, total size 0x2b63:
          0x2000'3050  0x2b63

Copy/lz77 (__iar_lz77_init_single3)
    1 source range, total size 0x114 (46% of destination):
             0x3'9ab8   0x114
    1 destination range, total size 0x24e:
          0x2000'2e00   0x24e



*******************************************************************************
*** MODULE SUMMARY
***

    Module                      ro code  ro data  rw data
    ------                      -------  -------  -------
command line/config:
    -----------------------------------------------------
    Total:

C:\Users\Atapy-Hardware04\Desktop\nRF52_DataCentre -GATT\Application_PMS\ble_central\ble_app_uart_c\pca10040\s132\iar\_build: [1]
    SEGGER_RTT.o                    528       20      648
    app_button.o                    552        8       57
    app_error.o                      32
    app_error_weak.o                144       28
    app_fifo.o                      204
    app_timer.o                   2 120        8      288
    app_uart_fifo.o                 732       41       59
    app_util_platform.o             186                12
    atapy_service.o               1 140       64
    ble_advdata.o                 2 312
    ble_advertising.o             1 562
    ble_conn_params.o               992        8       88
    ble_conn_state.o                932        8      120
    ble_srv_common.o                 30
    boards.o                        590        3
    bsp.o                         1 752       20      113
    bsp_btn_ble.o                   392        8        8
    fds.o                         4 800       34      306
    gatt_cache_manager.o          1 932      930       14
    gatts_cache_manager.o           752      376        5
    iar_startup_nrf52.o             608
    id_manager.o                  1 280       32      200
    main.o                        2 874      345    6 577
    nrf_atfifo.o                    442
    nrf_atflags.o                   210
    nrf_atomic.o                    260
    nrf_balloc.o                    226
    nrf_ble_gatt.o                1 136      392
    nrf_ble_qwr.o                   354
    nrf_ble_scan.o                2 078       56
    nrf_drv_clock.o                 376       32       20
    nrf_drv_uart.o                  244                 9
    nrf_fprintf.o                    68        4
    nrf_fprintf_format.o          1 144       16
    nrf_fstorage.o                  850      428
    nrf_fstorage_sd.o             1 068       72      184
    nrf_log_backend_rtt.o           192       20       65
    nrf_log_backend_serial.o        238
    nrf_log_default_backends.o       44       35        8
    nrf_log_frontend.o            2 172       64    1 420
    nrf_log_str_formatter.o         596      175       56
    nrf_memobj.o                    550
    nrf_pwr_mgmt.o                  152       56       17
    nrf_queue.o                     300
    nrf_ringbuf.o                    38
    nrf_sdh.o                       860      104        3
    nrf_sdh_ble.o                   744      644        1
    nrf_sdh_soc.o                    84       56
    nrf_section_iter.o              110
    nrf_strerror.o                   88    1 320
    nrfx_clock.o                    468       16        8
    nrfx_gpiote.o                 2 152       20       92
    nrfx_prs.o                      110       12        8
    nrfx_uart.o                   1 932       20       44
    nrfx_uarte.o                  1 748       20       36
    peer_data_storage.o           1 676      352       10
    peer_database.o               1 732      580      390
    peer_id.o                       468                64
    peer_manager.o                2 048      544       26
    peer_manager_handler.o        1 652    1 525       94
    pm_buffer.o                     394
    retarget.o                       38
    security_dispatcher.o         2 482      966       69
    security_manager.o            1 504      522       22
    system_nrf52.o                1 524        2        4
    -----------------------------------------------------
    Total:                       60 998    9 986   11 145

dl7M_tlf.a: [2]
    abort.o                           6
    exit.o                            4
    fclose.o                        126
    fflush.o                        172
    fputc.o                          84
    fseek.o                          36
    heap0.o                         320                 8
    heaptramp0.o                      4
    isalpha.o                        20
    isprint.o                        40
    ispunct.o                        20
    printf.o                         40
    putchar.o                        12
    sprintf.o                        64
    xcloseall.o                      60
    xencoding_8859_1.o               30
    xfail_s.o                        64                 4
    xfgpos.o                         12
    xfiles.o                                 116      408
    xfofind.o                       140
    xfspos.o                        216
    xfwprep.o                       180
    xgetmemchunk.o                   44                 4
    xlocale_c.o                     184       65      128
    xmbcurmax.o                      10
    xprintffull.o                 3 910
    xprout.o                         22
    xsprout.o                        10
    -----------------------------------------------------
    Total:                        5 830      181      552

m7M_tls.a: [3]
    DblAdd.o                        362
    DblCmpGe.o                       46
    DblCmpLe.o                       46
    DblDiv.o                        582
    DblMul.o                        418
    DblSub.o                        226
    DblToS32.o                       58
    DblToU32.o                       40
    S32ToDbl.o                       34
    U32ToDbl.o                       26
    fpinit_M.o                       34
    frexp.o                         112
    ldexp.o                         314
    -----------------------------------------------------
    Total:                        2 298

rt7M_tl.a: [4]
    ABImemclr4.o                      6
    ABImemcpy.o                     166
    ABImemset.o                     102
    ABImemset48.o                    50
    I64DivMod.o                     560
    I64DivZer.o                       2
    I64Shl.o                         34
    XXexit.o                         12
    cexit.o                          14
    cmain.o                          30
    cstart_closeall.o
    cstartup_M.o                     12
    data_init.o                      40
    lz77_init_single.o              122
    memchr.o                         88
    memcmp.o                        104
    strchr.o                         22
    strcpy.o                         24
    strlen.o                         54
    zero_init3.o                     58
    -----------------------------------------------------
    Total:                        1 500

    Gaps                              3       16
    Linker created                            32   16 384
---------------------------------------------------------
    Grand Total:                 70 629   10 215   28 081


*******************************************************************************
*** ENTRY LIST
***

Entry                       Address    Size  Type      Object
-----                       -------    ----  ----      ------
.iar.init_table$$Base      0x3'8db8           --   Gb  - Linker created -
.iar.init_table$$Limit     0x3'8dd8           --   Gb  - Linker created -
?main                      0x3'8f7d          Code  Gb  cmain.o [4]
Aldata                  0x2000'5b00     0x8  Data  Lc  heap0.o [2]
CSTACK$$Base            0x2000'5bb8           --   Gb  - Linker created -
CSTACK$$Limit           0x2000'7bb8           --   Gb  - Linker created -
CacheMore                  0x2'98e3    0x24  Code  Lc  xlocale_c.o [2]
GPIOTE_IRQHandler          0x3'4e45   0x234  Code  Gb  nrfx_gpiote.o [1]
HEAP$$Base              0x2000'7bb8           --   Gb  - Linker created -
HEAP$$Limit             0x2000'9bb8           --   Gb  - Linker created -
LoadInt                    0x2'8b1b    0x7a  Code  Lc  xprintffull.o [2]
NVIC_ClearPendingIRQ       0x2'efd1    0x18  Code  Lc  app_timer.o [1]
NVIC_ClearPendingIRQ       0x2'eef1    0x16  Code  Lc  nrf_pwr_mgmt.o [1]
NVIC_ClearPendingIRQ       0x3'69ef    0x16  Code  Lc  nrfx_clock.o [1]
NVIC_ClearPendingIRQ       0x3'4851    0x18  Code  Lc  nrfx_gpiote.o [1]
NVIC_ClearPendingIRQ       0x3'0d35    0x18  Code  Lc  nrfx_uart.o [1]
NVIC_ClearPendingIRQ       0x3'0661    0x18  Code  Lc  nrfx_uarte.o [1]
NVIC_DisableIRQ            0x2'efa1    0x18  Code  Lc  app_timer.o [1]
NVIC_DisableIRQ            0x3'6bad    0x18  Code  Lc  nrf_drv_clock.o [1]
NVIC_DisableIRQ            0x2'c5bd    0x18  Code  Lc  nrf_sdh.o [1]
NVIC_EnableIRQ             0x2'ef89    0x18  Code  Lc  app_timer.o [1]
NVIC_EnableIRQ             0x2'c5a5    0x18  Code  Lc  nrf_sdh.o [1]
NVIC_EnableIRQ             0x3'69d9    0x16  Code  Lc  nrfx_clock.o [1]
NVIC_EnableIRQ             0x3'4839    0x18  Code  Lc  nrfx_gpiote.o [1]
NVIC_EnableIRQ             0x3'0d1d    0x18  Code  Lc  nrfx_uart.o [1]
NVIC_EnableIRQ             0x3'0649    0x18  Code  Lc  nrfx_uarte.o [1]
NVIC_GetPriority           0x2'c5d5    0x28  Code  Lc  nrf_sdh.o [1]
NVIC_SetPendingIRQ         0x2'efb9    0x18  Code  Lc  app_timer.o [1]
NVIC_SetPriority           0x2'efe9    0x30  Code  Lc  app_timer.o [1]
NVIC_SetPriority           0x3'6a05    0x2c  Code  Lc  nrfx_clock.o [1]
[...]
postfix_process            0x3'58bf    0x42  Code  Lc  nrf_log_str_formatter.o [1]
power_management_init      0x2'ad89    0x16  Code  Lc  main.o [1]
prefix_process             0x3'585b    0x64  Code  Lc  nrf_log_str_formatter.o [1]
printf                     0x2'c13d    0x28  Code  Gb  printf.o [2]
prs_box_get                0x3'50ab    0x10  Code  Lc  nrfx_prs.o [1]
putchar                    0x3'92fd     0xc  Code  Gb  putchar.o [2]
pwr_mgmt_data              0x3'97c0     0xc  Data  Lc  nrf_pwr_mgmt.o [1]
pwr_mgmt_data0$$Base            0x0           --   Gb  - Linker created -
pwr_mgmt_data0$$Limit           0x0           --   Gb  - Linker created -
pwr_mgmt_data1$$Base            0x0           --   Gb  - Linker created -
pwr_mgmt_data1$$Limit           0x0           --   Gb  - Linker created -
pwr_mgmt_data2$$Base            0x0           --   Gb  - Linker created -
pwr_mgmt_data2$$Limit           0x0           --   Gb  - Linker created -
pwr_mgmt_data_array        0x3'911c    0x18  Data  Lc  nrf_pwr_mgmt.o [1]
pwr_mgmt_fpu_sleep_prepare
                           0x2'ef11    0x2e  Code  Lc  nrf_pwr_mgmt.o [1]
queue_buf_get              0x2'6705    0x2a  Code  Lc  fds.o [1]
queue_buf_store            0x2'672f    0x12  Code  Lc  fds.o [1]
queue_free                 0x2'6753    0x12  Code  Lc  fds.o [1]
queue_free                 0x3'6663    0x12  Code  Lc  nrf_fstorage_sd.o [1]
queue_has_next             0x2'6765    0x1a  Code  Lc  fds.o [1]
queue_init                 0x2'71e1    0x14  Code  Lc  fds.o [1]
queue_load                 0x2'6741    0x12  Code  Lc  fds.o [1]
queue_load_next            0x3'6675    0x26  Code  Lc  nrf_fstorage_sd.o [1]
queue_process              0x2'6f91    0xae  Code  Lc  fds.o [1]
queue_process              0x3'669b    0x7e  Code  Lc  nrf_fstorage_sd.o [1]
queue_process::m_iget_ctx
                        0x2000'5b3c     0x4  Data  Lc  fds.o [1]
queue_process::m_p_cur_op
                        0x2000'5b38     0x4  Data  Lc  fds.o [1]
queue_read                 0x2'b0d3    0xb6  Code  Lc  nrf_queue.o [1]
queue_start                0x2'703f    0x18  Code  Lc  fds.o [1]
queue_start                0x3'6719    0x1a  Code  Lc  nrf_fstorage_sd.o [1]
queue_utilization_get      0x2'b0b7    0x1c  Code  Lc  nrf_queue.o [1]
ram_end_address_get        0x2'caa7    0x10  Code  Lc  nrf_sdh_ble.o [1]
rank_highest               0x2'e1f1    0x1c  Code  Lc  peer_manager_handler.o [1]
rank_init                  0x2'ed7d     0x8  Code  Lc  peer_manager.o [1]
rank_vars_update           0x2'e6e7    0x2e  Code  Lc  peer_manager.o [1]
read                       0x3'685b    0x22  Code  Lc  nrf_fstorage_sd.o [1]
reattempt_previous_operations
                           0x3'3713    0x5c  Code  Lc  peer_database.o [1]
record_activate            0x3'1795    0x2e  Code  Lc  ble_conn_state.o [1]
record_find                0x2'6681    0x84  Code  Lc  fds.o [1]
record_find_and_delete     0x2'69cd    0x3e  Code  Lc  fds.o [1]
record_find_by_desc        0x2'6605    0x7c  Code  Lc  fds.o [1]
record_find_next           0x2'658d    0x78  Code  Lc  fds.o [1]
record_header_flag_dirty
                           0x2'6991    0x3c  Code  Lc  fds.o [1]
record_header_flag_dirty::dirty_header
                           0x3'9a50     0x4  Data  Lc  fds.o [1]
record_header_write_begin
                           0x2'68ff    0x28  Code  Lc  fds.o [1]
record_header_write_finalize
                           0x2'695d    0x34  Code  Lc  fds.o [1]
record_header_write_id     0x2'6927    0x36  Code  Lc  fds.o [1]
record_id_new              0x2'657f     0xe  Code  Lc  fds.o [1]
record_invalidate          0x3'17c3    0x22  Code  Lc  ble_conn_state.o [1]
record_key_to_peer_data_id
                           0x3'2031     0x4  Code  Lc  peer_data_storage.o [1]
record_key_within_pm_range
                           0x3'2053    0x1e  Code  Lc  peer_data_storage.o [1]
record_purge_disconnected
                           0x3'17f7    0x3a  Code  Lc  ble_conn_state.o [1]
record_set_disconnected
                           0x3'17e5    0x12  Code  Lc  ble_conn_state.o [1]
record_write_data          0x2'6a4b    0x2c  Code  Lc  fds.o [1]
release                    0x3'5261    0x1c  Code  Lc  peer_id.o [1]
rmap                       0x3'68df     0x6  Code  Lc  nrf_fstorage_sd.o [1]
round_evt               0x2000'5b44     0x4  Data  Gb  main.o [1]
rtc1_compare0_set          0x2'f0d5     0x8  Code  Lc  app_timer.o [1]
rtc1_counter_get           0x2'f0c5     0x8  Code  Lc  app_timer.o [1]
rtc1_init                  0x2'f035    0x14  Code  Lc  app_timer.o [1]
rtc1_start                 0x2'f049    0x36  Code  Lc  app_timer.o [1]
rtc1_stop                  0x2'f07f    0x46  Code  Lc  app_timer.o [1]
rtt_log_backend            0x3'96e0    0x10  Data  Lc  nrf_log_default_backends.o [1]
rx_buffer               0x2000'5b90     0x1  Data  Lc  app_uart_fifo.o [1]
rx_byte                    0x3'1161    0x3c  Code  Lc  nrfx_uart.o [1]
rx_done_event              0x3'12d3    0x1c  Code  Lc  nrfx_uart.o [1]
rx_done_event              0x3'0b99    0x20  Code  Lc  nrfx_uarte.o [1]
rx_enable                  0x3'113f    0x22  Code  Lc  nrfx_uart.o [1]
sc_send_pending_handle     0x3'2fbf    0x22  Code  Lc  gatt_cache_manager.o [1]
scalbln                    0x2'9ef1          Code  Gb  ldexp.o [3]
scalblnl                   0x2'9ef1          Code  Gb  ldexp.o [3]
scalbn                     0x2'9ef1          Code  Gb  ldexp.o [3]
scalbnl                    0x2'9ef1          Code  Gb  ldexp.o [3]
scale                      0x2'912f    0x46  Code  Lc  xprintffull.o [2]
scan_evt_handler           0x2'a5cb    0xf6  Code  Lc  main.o [1]
scan_init                  0x2'a6c1    0x74  Code  Lc  main.o [1]
scan_start                 0x2'a59d    0x2e  Code  Lc  main.o [1]
scan_timeout_handler       0x2'ae17    0x54  Code  Gb  main.o [1]
sd_nvic_DisableIRQ         0x2'c6ad    0x4a  Code  Lc  nrf_sdh.o [1]
sd_nvic_EnableIRQ          0x2'c64d    0x60  Code  Lc  nrf_sdh.o [1]
sd_nvic_critical_region_enter
                           0x2'8721    0x44  Code  Lc  app_util_platform.o [1]
sd_nvic_critical_region_exit
                           0x2'8765    0x36  Code  Lc  app_util_platform.o [1]
sd_state_evt_handler       0x3'6cbb    0x58  Code  Lc  nrf_drv_clock.o [1]
sdh_ble_observers          0x3'97fc     0xc  Data  Lc  nrf_sdh_ble.o [1]
sdh_ble_observers0$$Base
                           0x3'9a10           --   Gb  - Linker created -
sdh_ble_observers0$$Limit
                           0x3'9a18           --   Gb  - Linker created -
sdh_ble_observers1$$Base
                           0x3'8944           --   Gb  - Linker created -
sdh_ble_observers1$$Limit
                           0x3'8974           --   Gb  - Linker created -
sdh_ble_observers2$$Base
                           0x3'96f0           --   Gb  - Linker created -
sdh_ble_observers2$$Limit
                           0x3'9700           --   Gb  - Linker created -
sdh_ble_observers3$$Base
                           0x3'9a18           --   Gb  - Linker created -
sdh_ble_observers3$$Limit
                           0x3'9a20           --   Gb  - Linker created -
sdh_ble_observers_array
                           0x3'8e3c    0x20  Data  Lc  nrf_sdh_ble.o [1]
sdh_req_observers          0x3'97cc     0xc  Data  Lc  nrf_sdh.o [1]
sdh_req_observers0$$Base
                           0x3'9a20           --   Gb  - Linker created -
sdh_req_observers0$$Limit
                           0x3'9a28           --   Gb  - Linker created -
sdh_req_observers1$$Base
                                0x0           --   Gb  - Linker created -
sdh_req_observers1$$Limit
                                0x0           --   Gb  - Linker created -
sdh_req_observers_array
                           0x3'95b0    0x10  Data  Lc  nrf_sdh.o [1]
sdh_request_observer_notify
                           0x2'c6f7    0x3e  Code  Lc  nrf_sdh.o [1]
sdh_soc_observers          0x3'9814     0xc  Data  Lc  nrf_sdh_soc.o [1]
sdh_soc_observers0$$Base
                           0x3'9700           --   Gb  - Linker created -
sdh_soc_observers0$$Limit
                           0x3'9710           --   Gb  - Linker created -
sdh_soc_observers1$$Base
                           0x3'9a28           --   Gb  - Linker created -
sdh_soc_observers1$$Limit
                           0x3'9a30           --   Gb  - Linker created -
sdh_soc_observers_array
                           0x3'95e0    0x10  Data  Lc  nrf_sdh_soc.o [1]
sdh_stack_observers        0x3'97e4     0xc  Data  Lc  nrf_sdh.o [1]
sdh_stack_observers0$$Base
                           0x3'9710           --   Gb  - Linker created -
sdh_stack_observers0$$Limit
                           0x3'9720           --   Gb  - Linker created -
sdh_stack_observers1$$Base
                                0x0           --   Gb  - Linker created -
sdh_stack_observers1$$Limit
                                0x0           --   Gb  - Linker created -
sdh_stack_observers_array
                           0x3'95d0    0x10  Data  Lc  nrf_sdh.o [1]
sdh_state_observer_notify
                           0x2'c735    0x32  Code  Lc  nrf_sdh.o [1]
sdh_state_observers        0x3'97d8     0xc  Data  Lc  nrf_sdh.o [1]
sdh_state_observers0$$Base
                           0x3'9720           --   Gb  - Linker created -
sdh_state_observers0$$Limit
                           0x3'9730           --   Gb  - Linker created -
sdh_state_observers1$$Base
                                0x0           --   Gb  - Linker created -
sdh_state_observers1$$Limit
                                0x0           --   Gb  - Linker created -
sdh_state_observers_array
                           0x3'95c0    0x10  Data  Lc  nrf_sdh.o [1]
sec_hand                0x2000'5b78     0x4  Data  Lc  xfail_s.o [2]
sec_info_request_process
                           0x3'3d1d    0xd2  Code  Lc  security_dispatcher.o [1]
sec_keyset_fill            0x3'418b    0xdc  Code  Lc  security_dispatcher.o [1]
sec_keyset_fill::__func__
                           0x3'96b0    0x10  Data  Lc  security_dispatcher.o [1]
sec_params_request_process
                           0x3'3e5f    0x32  Code  Lc  security_dispatcher.o [1]
sec_params_verify          0x3'2aeb    0xd4  Code  Lc  security_manager.o [1]
sec_proc_start             0x3'3cb1    0x6c  Code  Lc  security_dispatcher.o [1]
sec_procedure              0x3'3ab1    0x14  Code  Lc  security_dispatcher.o [1]
sec_req_process            0x3'294b    0x6c  Code  Lc  security_manager.o [1]
sec_start_send             0x3'3b25    0x26  Code  Lc  security_dispatcher.o [1]
send_config_req            0x3'3def    0x2a  Code  Lc  security_dispatcher.o [1]
send_error_evt             0x2'dd43    0x16  Code  Lc  ble_conn_params.o [1]
send_params_req            0x3'3e3b    0x24  Code  Lc  security_dispatcher.o [1]
send_storage_full_evt      0x3'3b6f    0x20  Code  Lc  security_dispatcher.o [1]
send_unexpected_error      0x3'2ce1    0x24  Code  Lc  gatt_cache_manager.o [1]
send_unexpected_error      0x3'20b1    0x2a  Code  Lc  peer_data_storage.o [1]
send_unexpected_error      0x3'3b4b    0x24  Code  Lc  security_dispatcher.o [1]
send_update_request        0x2'dd59    0x2c  Code  Lc  ble_conn_params.o [1]
serial_tx                  0x3'478f    0x5a  Code  Lc  nrf_log_backend_rtt.o [1]
service_changed_needed     0x3'2ff5    0x22  Code  Lc  gatt_cache_manager.o [1]
service_changed_pending_flags_check
                           0x3'2fe1    0x14  Code  Lc  gatt_cache_manager.o [1]
service_changed_pending_set
                           0x3'4475    0x40  Code  Lc  gatts_cache_manager.o [1]
service_changed_pending_set::service_changed_pending
                           0x3'9a60     0x4  Data  Lc  gatts_cache_manager.o [1]
service_changed_send_in_evt
                           0x3'2ea1    0xd2  Code  Lc  gatt_cache_manager.o [1]
service_data_encode        0x2'fd3d    0xb4  Code  Lc  ble_advdata.o [1]
services_init              0x2'aa11    0xa2  Code  Lc  main.o [1]
set_adv_mode_directed      0x2'd797    0x32  Code  Lc  ble_advertising.o [1]
set_adv_mode_directed_high_duty
                           0x2'd773    0x24  Code  Lc  ble_advertising.o [1]
set_adv_mode_fast          0x2'd81b    0x5c  Code  Lc  ble_advertising.o [1]
set_adv_mode_slow          0x2'd877    0x5c  Code  Lc  ble_advertising.o [1]
severity_names          0x2000'2e24    0x14  Data  Lc  nrf_log_str_formatter.o [1]
sleep_mode_enter           0x2'aab9    0x3a  Code  Lc  main.o [1]
sm_ble_evt_handler         0x3'2abb    0x30  Code  Gb  security_manager.o [1]
sm_init                    0x3'2a6f    0x4c  Code  Gb  security_manager.o [1]
sm_link_secure             0x3'2c49    0x18  Code  Gb  security_manager.o [1]
sm_pdb_evt_handler         0x3'2a31    0x2c  Code  Gb  security_manager.o [1]
sm_sec_params_set          0x3'2bbf    0x40  Code  Gb  security_manager.o [1]
sm_smd_evt_handler         0x3'29c3    0x26  Code  Gb  security_manager.o [1]
smd_ble_evt_handler        0x3'441f    0x44  Code  Gb  security_dispatcher.o [1]
smd_init                   0x3'411f    0x6c  Code  Gb  security_dispatcher.o [1]
smd_link_secure            0x3'43f3    0x2c  Code  Gb  security_dispatcher.o [1]
smd_params_reply           0x3'4267    0xfe  Code  Gb  security_dispatcher.o [1]
smd_params_reply_perform
                           0x3'28f7    0x46  Code  Lc  security_manager.o [1]
soc_evt_handler            0x3'6ca3    0x18  Code  Lc  nrf_drv_clock.o [1]
softdevice_evt_irq_disable
                           0x2'c77f    0x18  Code  Lc  nrf_sdh.o [1]
softdevices_evt_irq_enable
                           0x2'c767    0x18  Code  Lc  nrf_sdh.o [1]
sprintf                    0x2'c0fd    0x40  Code  Gb  sprintf.o [2]
startup_event_extract      0x2'd569    0x2a  Code  Lc  bsp_btn_ble.o [1]
status_empty            0x2000'5b9e     0x1  Data  Gb  main.o [1]
std_header_set             0x2'7e77    0x66  Code  Lc  nrf_log_frontend.o [1]
std_n                      0x2'7faf    0x6e  Code  Lc  nrf_log_frontend.o [1]
store_car_value            0x3'31f9    0x56  Code  Gb  gatt_cache_manager.o [1]
store_car_value::car_value_false
                           0x3'9a5c     0x4  Data  Lc  gatt_cache_manager.o [1]
store_car_value::car_value_true
                           0x3'9a58     0x4  Data  Lc  gatt_cache_manager.o [1]
strchr                     0x2'9959          Code  Gb  strchr.o [4]
strcpy                     0x3'5841          Code  Gb  strcpy.o [4]
string_print               0x3'5b39    0x8a  Code  Lc  nrf_fprintf_format.o [1]
strlen                     0x2'99b1          Code  Gb  strlen.o [4]
ticks_diff_get             0x2'f0cd     0x8  Code  Lc  app_timer.o [1]
timeout_handler_exec       0x2'f1d1     0xc  Code  Lc  app_timer.o [1]
timer_list_handler         0x2'f4db    0x52  Code  Lc  app_timer.o [1]
timer_list_handler_sched
                           0x2'f1c7     0xa  Code  Lc  app_timer.o [1]
timer_list_insert          0x2'f0dd    0x5c  Code  Lc  app_timer.o [1]
timer_list_remove          0x2'f139    0x84  Code  Lc  app_timer.o [1]
timer_start_op_schedule
                           0x2'f56b    0x62  Code  Lc  app_timer.o [1]
timer_stop_op_schedule     0x2'f5cd    0x48  Code  Lc  app_timer.o [1]
timer_timeouts_check       0x2'f1dd    0x78  Code  Lc  app_timer.o [1]
timer_timeouts_check_sched
                           0x2'f1bd     0xa  Code  Lc  app_timer.o [1]
timers_init                0x2'ae6b    0x2e  Code  Gb  main.o [1]
timestamp_print            0x3'5859     0x2  Code  Lc  nrf_log_str_formatter.o [1]
tx_blocking                0x3'1061    0x36  Code  Lc  nrfx_uart.o [1]
tx_buffer               0x2000'5b8f     0x1  Data  Lc  app_uart_fifo.o [1]
tx_byte                    0x3'1039    0x28  Code  Lc  nrfx_uart.o [1]
tx_done_event              0x3'12ef    0x24  Code  Lc  nrfx_uart.o [1]
tx_done_event              0x3'0bb9    0x28  Code  Lc  nrfx_uarte.o [1]
tx_power_level_encode      0x2'fa4f    0x3c  Code  Lc  ble_advdata.o [1]
uart_event_handle          0x2'a735   0x1a8  Code  Gb  main.o [1]
uart_event_handler         0x2'c221    0xb8  Code  Lc  app_uart_fifo.o [1]
uart_evt_handler           0x3'15a3    0x2e  Code  Lc  nrf_drv_uart.o [1]
uart_init                  0x2'ad21    0x48  Code  Lc  main.o [1]
uart_init{2}{3}::rx_buf
                        0x2000'4a34   0x200  Data  Lc  main.o [1]
uart_init{2}{3}::tx_buf
                        0x2000'3050  0x1000  Data  Lc  main.o [1]
uart_irq_handler           0x3'1313   0x168  Code  Lc  nrfx_uart.o [1]
uarte_evt_handler          0x3'1575    0x2e  Code  Lc  nrf_drv_uart.o [1]
uarte_irq_handler          0x3'0be1   0x10c  Code  Lc  nrfx_uarte.o [1]
uint16_decode              0x2'f849     0xe  Code  Lc  ble_advdata.o [1]
uint16_decode              0x3'1731     0xe  Code  Lc  ble_srv_common.o [1]
uint16_encode              0x2'f839    0x10  Code  Lc  ble_advdata.o [1]
uninit                     0x3'67d5    0x28  Code  Lc  nrf_fstorage_sd.o [1]
unsigned_print             0x3'5bc3    0xbe  Code  Lc  nrf_fprintf_format.o [1]
unsigned_print::_aV2C      0x3'9580    0x10  Data  Lc  nrf_fprintf_format.o [1]
update_pending_flags_check
                           0x3'3081    0x2c  Code  Lc  gatt_cache_manager.o [1]
update_timeout_handler     0x2'dd85    0x86  Code  Lc  ble_conn_params.o [1]
use_whitelist              0x2'd7c9    0x26  Code  Lc  ble_advertising.o [1]
user_flag_is_acquired      0x3'1831    0x12  Code  Lc  ble_conn_state.o [1]
user_mem_reply             0x2'c489    0x2e  Code  Lc  nrf_ble_qwr.o [1]
user_op_alloc              0x2'f533    0x38  Code  Lc  app_timer.o [1]
user_op_enque              0x2'f52d     0x6  Code  Lc  app_timer.o [1]
uuid_list_encode           0x2'fb85    0x58  Code  Lc  ble_advdata.o [1]
uuid_list_sized_encode     0x2'fa8b    0xfa  Code  Lc  ble_advdata.o [1]
var_wifi                0x2000'54f4    0x64  Data  Gb  main.o [1]
wakeup_button_cfg          0x2'c0c1    0x2e  Code  Lc  bsp.o [1]
whitelist_has_entries      0x2'd655     0x6  Code  Lc  ble_advertising.o [1]
wmap                       0x3'68e5     0x6  Code  Lc  nrf_fstorage_sd.o [1]
write                      0x3'67fd    0x5e  Code  Lc  nrf_fstorage_sd.o [1]
write_buf_length_words_set
                           0x3'357f    0x34  Code  Lc  peer_database.o [1]
write_buf_store            0x3'35b3    0xf2  Code  Gb  peer_database.o [1]
write_buf_store_in_event
                           0x3'36a5    0x6e  Code  Lc  peer_database.o [1]
write_buffer_record_acquire
                           0x3'34ed    0x22  Code  Lc  peer_database.o [1]
write_buffer_record_find
                           0x3'3443    0x4a  Code  Lc  peer_database.o [1]
write_buffer_record_find_next
                           0x3'3413    0x30  Code  Lc  peer_database.o [1]
write_buffer_record_find_stored
                           0x3'348d    0x2c  Code  Lc  peer_database.o [1]
write_buffer_record_find_unused
                           0x3'34b9     0xe  Code  Lc  peer_database.o [1]
write_buffer_record_invalidate
                           0x3'33ed    0x26  Code  Lc  peer_database.o [1]
write_buffer_record_release
                           0x3'34c7    0x26  Code  Lc  peer_database.o [1]
write_enqueue              0x2'7063   0x100  Code  Lc  fds.o [1]
write_execute              0x2'6e09    0xc4  Code  Lc  fds.o [1]
write_execute              0x3'660f    0x48  Code  Lc  nrf_fstorage_sd.o [1]
write_execute::desc     0x2000'5a50     0xc  Data  Lc  fds.o [1]
write_execute::page     0x2000'5b80     0x2  Data  Lc  fds.o [1]
write_space_free           0x2'6559    0x26  Code  Lc  fds.o [1]
write_space_reserve        0x2'64cd    0x8c  Code  Lc  fds.o [1]


[1] = C:\Users\Atapy-Hardware04\Desktop\nRF52_DataCentre -GATT\Application_PMS\ble_central\ble_app_uart_c\pca10040\s132\iar\_build
[2] = dl7M_tlf.a
[3] = m7M_tls.a
[4] = rt7M_tl.a

  70 629 bytes of readonly  code memory
  10 215 bytes of readonly  data memory
  28 081 bytes of readwrite data memory

Errors: none
Warnings: none
